******************************************************************************
                  TI ARM Linker PC v20.2.7                     
******************************************************************************
>> Linked Sat Mar  9 18:40:33 2024

OUTPUT FILE NAME:   <uart_demo.out>
ENTRY POINT SYMBOL: "_c_int00_noargs"  address: 200072ad


MEMORY CONFIGURATION

         name            origin    length      used     unused   attr    fill
----------------------  --------  ---------  --------  --------  ----  --------
  SRAM_CODE             20004000   00013000  000038ee  0000f712  RW X
  SRAM_DATA             20017000   00019000  00000920  000186e0  RW X


SEGMENT ALLOCATION MAP

run origin  load origin   length   init length attrs members
----------  ----------- ---------- ----------- ----- -------
20004000    20004000    000038f0   000038f0    r-x
  20004000    20004000    00000400   00000400    r-- .intvecs
  20004400    20004400    000031e6   000031e6    r-x .text
  200075e8    200075e8    000002d0   000002d0    r-- .const
  200078b8    200078b8    00000038   00000038    r-- .cinit
20017000    20017000    00000820   00000000    rw-
  20017000    20017000    00000800   00000000    rw- .sysmem
  20017800    20017800    0000001c   00000000    rw- .data
  2001781c    2001781c    00000004   00000000    rw- .bss
2002ff00    2002ff00    00000100   00000000    rw-
  2002ff00    2002ff00    00000100   00000000    rw- .stack


SECTION ALLOCATION MAP

 output                                  attributes/
section   page    origin      length       input sections
--------  ----  ----------  ----------   ----------------
.intvecs   0    20004000    00000400     
                  20004000    00000400     startup_ccs.obj (.intvecs)

.init_array 
*          0    20004000    00000000     UNINITIALIZED

.text      0    20004400    000031e6     
                  20004400    00000a4e     rtsv7M4_T_le_eabi.lib : _printfi.c.obj (.text:__TI_printfi)
                  20004e4e    00000002                           : _lock.c.obj (.text:_nop)
                  20004e50    0000027c     main.obj (.text)
                  200050cc    0000027c     uart_if.obj (.text)
                  20005348    00000268     rtsv7M4_T_le_eabi.lib : _printfi.c.obj (.text:_pconv_a)
                  200055b0    000001cc                           : _printfi.c.obj (.text:_pconv_g)
                  2000577c    000001b6                           : fd_add_t2.asm.obj (.text)
                  20005932    00000002                           : div0.asm.obj (.text)
                  20005934    00000178     driverlib.a : prcm.obj (.text:PRCMCC3200MCUInit)
                  20005aac    0000013c     rtsv7M4_T_le_eabi.lib : _printfi.c.obj (.text:_pconv_e)
                  20005be8    00000136                           : fd_div_t2.asm.obj (.text)
                  20005d1e    00000002     --HOLE-- [fill = 0]
                  20005d20    00000120                           : _printfi.c.obj (.text:fcvt)
                  20005e40    00000100                           : memory.c.obj (.text:aligned_alloc)
                  20005f40    000000fc                           : fd_mul_t2.asm.obj (.text)
                  2000603c    000000e4                           : memory.c.obj (.text:free)
                  20006120    000000e4                           : memory.c.obj (.text:realloc)
                  20006204    000000d0                           : s_scalbn.c.obj (.text:scalbn)
                  200062d4    000000b1                           : _printfi.c.obj (.text:_ltostr)
                  20006385    00000003     --HOLE-- [fill = 0]
                  20006388    000000a8     driverlib.a : interrupt.obj (.text:IntEnable)
                  20006430    0000009c     rtsv7M4_T_le_eabi.lib : memcpy_t2.asm.obj (.text)
                  200064cc    00000096                           : ull_div_t2.asm.obj (.text)
                  20006562    00000002     --HOLE-- [fill = 0]
                  20006564    00000094     driverlib.a : prcm.obj (.text:PRCMPeripheralClockGet)
                  200065f8    00000092     rtsv7M4_T_le_eabi.lib : fs_div_t2.asm.obj (.text)
                  2000668a    00000002     --HOLE-- [fill = 0]
                  2000668c    00000088     driverlib.a : pin.obj (.text:PinConfigSet)
                  20006714    00000086     rtsv7M4_T_le_eabi.lib : fd_cmp_t2.asm.obj (.text:__aeabi_cdcmple)
                  2000679a    00000086                           : fd_cmp_t2.asm.obj (.text:__aeabi_cdrcmple)
                  20006820    00000082     driverlib.a : gpio.obj (.text:GPIOIntTypeSet)
                  200068a2    0000007a     rtsv7M4_T_le_eabi.lib : fs_mul_t2.asm.obj (.text)
                  2000691c    0000007a                           : memset_t2.asm.obj (.text)
                  20006996    00000076     driverlib.a : uart.obj (.text:UARTConfigSetExpClk)
                  20006a0c    00000070                 : timer.obj (.text:TimerIntRegister)
                  20006a7c    00000070     rtsv7M4_T_le_eabi.lib : memory.c.obj (.text:split)
                  20006aec    0000006e                           : _printfi.c.obj (.text:_mcpy)
                  20006b5a    00000068                           : copy_decompress_lzss.c.obj (.text:decompress:lzss:__TI_decompress_lzss)
                  20006bc2    00000002     --HOLE-- [fill = 0]
                  20006bc4    00000064     pinmux.obj (.text)
                  20006c28    0000005c     rtsv7M4_T_le_eabi.lib : s_frexp.c.obj (.text:frexp)
                  20006c84    00000058     driverlib.a : prcm.obj (.text:PRCMPeripheralReset)
                  20006cdc    00000056     rtsv7M4_T_le_eabi.lib : _printfi.c.obj (.text:_pconv_f)
                  20006d32    00000054                           : _ltoa.c.obj (.text:__TI_ltoa)
                  20006d86    00000052                           : _printfi.c.obj (.text:_ecpy)
                  20006dd8    0000004c                           : atoi.c.obj (.text:atoi)
                  20006e24    00000048     driverlib.a : gpio.obj (.text:GPIOGetIntNumber)
                  20006e6c    00000048     rtsv7M4_T_le_eabi.lib : fd_toi_t2.asm.obj (.text)
                  20006eb4    00000044     driverlib.a : timer.obj (.text:TimerConfigure)
                  20006ef8    00000044     rtsv7M4_T_le_eabi.lib : autoinit.c.obj (.text:__TI_auto_init_nobinit_nopinit:__TI_auto_init_nobinit_nopinit)
                  20006f3c    00000044                           : fd_tou_t2.asm.obj (.text)
                  20006f80    00000040     driverlib.a : pin.obj (.text:PinModeSet)
                  20006fc0    00000040     rtsv7M4_T_le_eabi.lib : vsnprintf.c.obj (.text:vsnprintf)
                  20007000    0000003e                           : _printfi.c.obj (.text:_fcpy)
                  2000703e    00000002     --HOLE-- [fill = 0]
                  20007040    0000003c     driverlib.a : prcm.obj (.text:PRCMPeripheralClkEnable)
                  2000707c    00000038     rtsv7M4_T_le_eabi.lib : fs_tod_t2.asm.obj (.text)
                  200070b4    00000038                           : fs_toi_t2.asm.obj (.text)
                  200070ec    00000036     driverlib.a : gpio.obj (.text:GPIODirModeSet)
                  20007122    00000030                 : pin.obj (.text:PinTypeGPIO)
                  20007152    00000002     --HOLE-- [fill = 0]
                  20007154    00000030                 : uart.obj (.text:UARTDisable)
                  20007184    00000030     rtsv7M4_T_le_eabi.lib : vsnprintf.c.obj (.text:_outs)
                  200071b4    0000002e                           : i_tofd_t2.asm.obj (.text)
                  200071e2    00000002     --HOLE-- [fill = 0]
                  200071e4    0000002c     driverlib.a : prcm.obj (.text:PRCMSysResetCauseGet)
                  20007210    00000028                 : prcm.obj (.text:PRCMPeripheralClkDisable)
                  20007238    00000028     rtsv7M4_T_le_eabi.lib : memory.c.obj (.text:free_list_insert)
                  20007260    00000028                           : memmov.c.obj (.text:memmove)
                  20007288    00000024     driverlib.a : uart.obj (.text:UARTEnable)
                  200072ac    00000024     rtsv7M4_T_le_eabi.lib : boot_cortex_m.c.obj (.text:_c_int00_noargs:_c_int00_noargs)
                  200072d0    00000024                           : u_tofs_t2.asm.obj (.text)
                  200072f4    00000020     driverlib.a : gpio.obj (.text:GPIOPinWrite)
                  20007314    00000020                 : interrupt.obj (.text:IntRegister)
                  20007334    00000020     rtsv7M4_T_le_eabi.lib : u_tofd_t2.asm.obj (.text)
                  20007354    0000001e     driverlib.a : gpio.obj (.text:GPIOIntRegister)
                  20007372    0000001e                 : timer.obj (.text:TimerDisable)
                  20007390    0000001e                 : timer.obj (.text:TimerEnable)
                  200073ae    0000001e                 : uart.obj (.text:UARTCharPut)
                  200073cc    0000001c                 : timer.obj (.text:TimerLoadGet)
                  200073e8    0000001c                 : timer.obj (.text:TimerValueGet)
                  20007404    0000001c                 : uart.obj (.text:UARTCharGetNonBlocking)
                  20007420    0000001c     rtsv7M4_T_le_eabi.lib : copy_zero_init.c.obj (.text:decompress:ZI:__TI_zero_init_nomemset:__TI_zero_init_nomemset)
                  2000743c    0000001c                           : memory.c.obj (.text:free_list_remove)
                  20007458    0000001c                           : memccpy.c.obj (.text:memccpy)
                  20007474    0000001a     driverlib.a : gpio.obj (.text:GPIOIntEnable)
                  2000748e    0000001a                 : pin.obj (.text:PinTypeUART)
                  200074a8    00000018                 : gpio.obj (.text:GPIOPinRead)
                  200074c0    00000018                 : uart.obj (.text:UARTCharsAvail)
                  200074d8    00000018     rtsv7M4_T_le_eabi.lib : vsnprintf.c.obj (.text:_outc)
                  200074f0    00000016     driverlib.a : prcm.obj (.text:PRCMHIBRegRead)
                  20007506    00000016                 : prcm.obj (.text:PRCMHIBRegWrite)
                  2000751c    00000016     rtsv7M4_T_le_eabi.lib : strchr.c.obj (.text:strchr)
                  20007532    00000014     driverlib.a : cpu.obj (.text:CPUcpsie)
                  20007546    00000014                 : gpio.obj (.text:GPIOIntClear)
                  2000755a    00000002     --HOLE-- [fill = 0]
                  2000755c    00000014                 : interrupt.obj (.text:IntVTableBaseSet)
                  20007570    00000014     rtsv7M4_T_le_eabi.lib : strlen.c.obj (.text:strlen)
                  20007584    00000012                           : wcslen.c.obj (.text:wcslen)
                  20007596    0000000e                           : copy_decompress_none.c.obj (.text:decompress:none:__TI_decompress_none)
                  200075a4    0000000e     startup_ccs.obj (.text)
                  200075b2    0000000c     rtsv7M4_T_le_eabi.lib : s_copysign.c.obj (.text:copysign)
                  200075be    0000000a     driverlib.a : interrupt.obj (.text:IntMasterEnable)
                  200075c8    00000008     rtsv7M4_T_le_eabi.lib : errno.c.obj (.text:__aeabi_errno_addr)
                  200075d0    00000008                           : memory.c.obj (.text:malloc)
                  200075d8    00000006     driverlib.a : utils.obj (.text:UtilsDelay)
                  200075de    00000004     rtsv7M4_T_le_eabi.lib : pre_init.c.obj (.text:_system_pre_init)
                  200075e2    00000004                           : exit.c.obj (.text:abort:abort)

.const     0    200075e8    000002d0     
                  200075e8    00000101     rtsv7M4_T_le_eabi.lib : ctype.c.obj (.const:.string:_ctypes_)
                  200076e9    00000003     --HOLE-- [fill = 0]
                  200076ec    00000100     driverlib.a : pin.obj (.const:g_ulPinToPadMap)
                  200077ec    000000a8                 : prcm.obj (.const:PRCM_PeriphRegsList)
                  20007894    00000018                 : interrupt.obj (.const:g_pulEnRegs)
                  200078ac    00000004     --HOLE-- [fill = 0]
                  200078b0    00000008     main.obj (.const)

.cinit     0    200078b8    00000038     
                  200078b8    0000000e     (.cinit..data.load) [load image, compression = lzss]
                  200078c6    00000002     --HOLE-- [fill = 0]
                  200078c8    0000000c     (__TI_handler_table)
                  200078d4    00000004     --HOLE-- [fill = 0]
                  200078d8    00000008     (.cinit..bss.load) [load image, compression = zero_init]
                  200078e0    00000010     (__TI_cinit_table)

.sysmem    0    20017000    00000800     UNINITIALIZED
                  20017000    00000010     rtsv7M4_T_le_eabi.lib : memory.c.obj (.sysmem)
                  20017010    000007f0     --HOLE--

.data      0    20017800    0000001c     UNINITIALIZED
                  20017800    00000008     rtsv7M4_T_le_eabi.lib : _lock.c.obj (.data:$O1$$)
                  20017808    00000008                           : memory.c.obj (.data:$O1$$)
                  20017810    00000008     main.obj (.data)
                  20017818    00000004     rtsv7M4_T_le_eabi.lib : errno.c.obj (.data)

.bss       0    2001781c    00000004     UNINITIALIZED
                  2001781c    00000004     uart_if.obj (.bss)

.stack     0    2002ff00    00000100     UNINITIALIZED
                  2002ff00    00000004     rtsv7M4_T_le_eabi.lib : boot_cortex_m.c.obj (.stack)
                  2002ff04    000000fc     --HOLE--

__llvm_prf_cnts 
*          0    20017000    00000000     UNINITIALIZED

MODULE SUMMARY

       Module                       code    ro data   rw data
       ------                       ----    -------   -------
    .\
       startup_ccs.obj              14      1024      0      
       main.obj                     636     8         8      
       uart_if.obj                  636     0         4      
       pinmux.obj                   100     0         0      
    +--+----------------------------+-------+---------+---------+
       Total:                       1386    1032      12     
                                                             
    C:/ti/CC3200SDK_1.5.0/cc3200-sdk/driverlib/ccs/Release/driverlib.a
       prcm.obj                     800     168       0      
       pin.obj                      274     256       0      
       gpio.obj                     388     0         0      
       timer.obj                    296     0         0      
       uart.obj                     284     0         0      
       interrupt.obj                230     24        0      
       cpu.obj                      20      0         0      
       utils.obj                    6       0         0      
    +--+----------------------------+-------+---------+---------+
       Total:                       2298    448       0      
                                                             
    C:\ti\ccs1250\ccs\tools\compiler\ti-cgt-arm_20.2.7.LTS\lib\rtsv7M4_T_le_eabi.lib
       _printfi.c.obj               4835    0         0      
       memory.c.obj                 900     0         8      
       fd_add_t2.asm.obj            438     0         0      
       fd_div_t2.asm.obj            310     0         0      
       fd_cmp_t2.asm.obj            268     0         0      
       ctype.c.obj                  0       257       0      
       fd_mul_t2.asm.obj            252     0         0      
       s_scalbn.c.obj               208     0         0      
       memcpy_t2.asm.obj            156     0         0      
       ull_div_t2.asm.obj           150     0         0      
       fs_div_t2.asm.obj            146     0         0      
       vsnprintf.c.obj              136     0         0      
       fs_mul_t2.asm.obj            122     0         0      
       memset_t2.asm.obj            122     0         0      
       copy_decompress_lzss.c.obj   104     0         0      
       s_frexp.c.obj                92      0         0      
       _ltoa.c.obj                  84      0         0      
       atoi.c.obj                   76      0         0      
       fd_toi_t2.asm.obj            72      0         0      
       autoinit.c.obj               68      0         0      
       fd_tou_t2.asm.obj            68      0         0      
       fs_tod_t2.asm.obj            56      0         0      
       fs_toi_t2.asm.obj            56      0         0      
       i_tofd_t2.asm.obj            46      0         0      
       memmov.c.obj                 40      0         0      
       boot_cortex_m.c.obj          36      0         0      
       u_tofs_t2.asm.obj            36      0         0      
       u_tofd_t2.asm.obj            32      0         0      
       copy_zero_init.c.obj         28      0         0      
       memccpy.c.obj                28      0         0      
       strchr.c.obj                 22      0         0      
       strlen.c.obj                 20      0         0      
       wcslen.c.obj                 18      0         0      
       copy_decompress_none.c.obj   14      0         0      
       errno.c.obj                  8       0         4      
       s_copysign.c.obj             12      0         0      
       _lock.c.obj                  2       0         8      
       exit.c.obj                   4       0         0      
       pre_init.c.obj               4       0         0      
       div0.asm.obj                 2       0         0      
    +--+----------------------------+-------+---------+---------+
       Total:                       9071    257       20     
                                                             
       Heap:                        0       0         2048   
       Stack:                       0       0         256    
       Linker Generated:            0       50        0      
    +--+----------------------------+-------+---------+---------+
       Grand Total:                 12755   1787      2336   


LINKER GENERATED COPY TABLES

__TI_cinit_table @ 200078e0 records: 2, size/record: 8, table size: 16
	.data: load addr=200078b8, load size=0000000e bytes, run addr=20017800, run size=0000001c bytes, compression=lzss
	.bss: load addr=200078d8, load size=00000008 bytes, run addr=2001781c, run size=00000004 bytes, compression=zero_init


LINKER GENERATED HANDLER TABLE

__TI_handler_table @ 200078c8 records: 3, size/record: 4, table size: 12
	index: 0, handler: __TI_decompress_lzss
	index: 1, handler: __TI_decompress_none
	index: 2, handler: __TI_zero_init


GLOBAL SYMBOLS: SORTED ALPHABETICALLY BY Name 

address   name                          
-------   ----                          
20004e77  BoardInit                     
200075e3  C$$EXIT                       
20007533  CPUcpsie                      
2000510d  ClearTerm                     
20004e51  DisplayBanner                 
20005117  Error                         
200070ed  GPIODirModeSet                
20007547  GPIOIntClear                  
20007475  GPIOIntEnable                 
20007355  GPIOIntRegister               
20006821  GPIOIntTypeSet                
200074a9  GPIOPinRead                   
200072f5  GPIOPinWrite                  
2000514f  GetCmd                        
200050cd  InitTerm                      
20006389  IntEnable                     
200075bf  IntMasterEnable               
20007315  IntRegister                   
2000755d  IntVTableBaseSet              
200050eb  Message                       
20005935  PRCMCC3200MCUInit             
200074f1  PRCMHIBRegRead                
20007507  PRCMHIBRegWrite               
20007211  PRCMPeripheralClkDisable      
20007041  PRCMPeripheralClkEnable       
20006565  PRCMPeripheralClockGet        
20006c85  PRCMPeripheralReset           
200071e5  PRCMSysResetCauseGet          
2000668d  PinConfigSet                  
20006f81  PinModeSet                    
20006bc5  PinMuxConfig                  
20007123  PinTypeGPIO                   
2000748f  PinTypeUART                   
20004f5b  ProxInit                      
2000528d  Report                        
200075a5  ResetISR                      
20006eb5  TimerConfigure                
20007373  TimerDisable                  
20007391  TimerEnable                   
20006a0d  TimerIntRegister              
200073cd  TimerLoadGet                  
200073e9  TimerValueGet                 
200051f5  TrimSpace                     
20007405  UARTCharGetNonBlocking        
200073af  UARTCharPut                   
200074c1  UARTCharsAvail                
20006997  UARTConfigSetExpClk           
20007155  UARTDisable                   
20007289  UARTEnable                    
200075d9  UtilsDelay                    
20030000  __STACK_END                   
00000100  __STACK_SIZE                  
00000800  __SYSMEM_SIZE                 
200078e0  __TI_CINIT_Base               
200078f0  __TI_CINIT_Limit              
200078c8  __TI_Handler_Table_Base       
200078d4  __TI_Handler_Table_Limit      
20006ef9  __TI_auto_init_nobinit_nopinit
20006b5b  __TI_decompress_lzss          
20007597  __TI_decompress_none          
20006d33  __TI_ltoa                     
ffffffff  __TI_pprof_out_hndl           
20004401  __TI_printfi                  
ffffffff  __TI_prof_data_size           
ffffffff  __TI_prof_data_start          
200078b8  __TI_static_base__            
20007421  __TI_zero_init_nomemset       
20006715  __aeabi_cdcmpeq               
20006715  __aeabi_cdcmple               
2000679b  __aeabi_cdrcmple              
20006e6d  __aeabi_d2iz                  
20006f3d  __aeabi_d2uiz                 
20005787  __aeabi_dadd                  
20005be9  __aeabi_ddiv                  
20005f41  __aeabi_dmul                  
2000577d  __aeabi_dsub                  
200075c9  __aeabi_errno_addr            
2000707d  __aeabi_f2d                   
200070b5  __aeabi_f2iz                  
200065f9  __aeabi_fdiv                  
200068a3  __aeabi_fmul                  
200071b5  __aeabi_i2d                   
20005933  __aeabi_idiv0                 
20005933  __aeabi_ldiv0                 
2000691d  __aeabi_memclr                
2000691d  __aeabi_memclr4               
2000691d  __aeabi_memclr8               
20006431  __aeabi_memcpy                
20006431  __aeabi_memcpy4               
20006431  __aeabi_memcpy8               
2000691f  __aeabi_memset                
2000691f  __aeabi_memset4               
2000691f  __aeabi_memset8               
20007335  __aeabi_ui2d                  
200072d1  __aeabi_ui2f                  
200064cd  __aeabi_uldivmod              
ffffffff  __binit__                     
ffffffff  __c_args__                    
UNDEFED   __mpu_init                    
2002ff00  __stack                       
20017000  __start___llvm_prf_cnts       
20017000  __stop___llvm_prf_cnts        
200072ad  _c_int00_noargs               
200075e8  _ctypes_                      
20017800  _lock                         
20004e4f  _nop                          
20017000  _sys_memory                   
UNDEFED   _system_post_cinit            
200075df  _system_pre_init              
20017804  _unlock                       
200075e3  abort                         
20005e41  aligned_alloc                 
20006dd9  atoi                          
ffffffff  binit                         
200075b3  copysign                      
200075b3  copysignl                     
20017814  echowait                      
20017818  errno                         
2000603d  free                          
20006c29  frexp                         
20006c29  frexpl                        
20004000  g_pfnVectors                  
20004f99  inputInt                      
20006205  ldexp                         
20006205  ldexpl                        
20004f41  main                          
200075d1  malloc                        
20005e41  memalign                      
20007459  memccpy                       
20006431  memcpy                        
20007261  memmove                       
20006925  memset                        
20004e8f  proxWhile                     
20017810  pulse                         
20006121  realloc                       
20006205  scalbn                        
20006205  scalbnl                       
2000751d  strchr                        
20007571  strlen                        
200078b0  temp                          
20006fc1  vsnprintf                     
20007585  wcslen                        


GLOBAL SYMBOLS: SORTED BY Symbol Address 

address   name                          
-------   ----                          
00000100  __STACK_SIZE                  
00000800  __SYSMEM_SIZE                 
20004000  g_pfnVectors                  
20004401  __TI_printfi                  
20004e4f  _nop                          
20004e51  DisplayBanner                 
20004e77  BoardInit                     
20004e8f  proxWhile                     
20004f41  main                          
20004f5b  ProxInit                      
20004f99  inputInt                      
200050cd  InitTerm                      
200050eb  Message                       
2000510d  ClearTerm                     
20005117  Error                         
2000514f  GetCmd                        
200051f5  TrimSpace                     
2000528d  Report                        
2000577d  __aeabi_dsub                  
20005787  __aeabi_dadd                  
20005933  __aeabi_idiv0                 
20005933  __aeabi_ldiv0                 
20005935  PRCMCC3200MCUInit             
20005be9  __aeabi_ddiv                  
20005e41  aligned_alloc                 
20005e41  memalign                      
20005f41  __aeabi_dmul                  
2000603d  free                          
20006121  realloc                       
20006205  ldexp                         
20006205  ldexpl                        
20006205  scalbn                        
20006205  scalbnl                       
20006389  IntEnable                     
20006431  __aeabi_memcpy                
20006431  __aeabi_memcpy4               
20006431  __aeabi_memcpy8               
20006431  memcpy                        
200064cd  __aeabi_uldivmod              
20006565  PRCMPeripheralClockGet        
200065f9  __aeabi_fdiv                  
2000668d  PinConfigSet                  
20006715  __aeabi_cdcmpeq               
20006715  __aeabi_cdcmple               
2000679b  __aeabi_cdrcmple              
20006821  GPIOIntTypeSet                
200068a3  __aeabi_fmul                  
2000691d  __aeabi_memclr                
2000691d  __aeabi_memclr4               
2000691d  __aeabi_memclr8               
2000691f  __aeabi_memset                
2000691f  __aeabi_memset4               
2000691f  __aeabi_memset8               
20006925  memset                        
20006997  UARTConfigSetExpClk           
20006a0d  TimerIntRegister              
20006b5b  __TI_decompress_lzss          
20006bc5  PinMuxConfig                  
20006c29  frexp                         
20006c29  frexpl                        
20006c85  PRCMPeripheralReset           
20006d33  __TI_ltoa                     
20006dd9  atoi                          
20006e6d  __aeabi_d2iz                  
20006eb5  TimerConfigure                
20006ef9  __TI_auto_init_nobinit_nopinit
20006f3d  __aeabi_d2uiz                 
20006f81  PinModeSet                    
20006fc1  vsnprintf                     
20007041  PRCMPeripheralClkEnable       
2000707d  __aeabi_f2d                   
200070b5  __aeabi_f2iz                  
200070ed  GPIODirModeSet                
20007123  PinTypeGPIO                   
20007155  UARTDisable                   
200071b5  __aeabi_i2d                   
200071e5  PRCMSysResetCauseGet          
20007211  PRCMPeripheralClkDisable      
20007261  memmove                       
20007289  UARTEnable                    
200072ad  _c_int00_noargs               
200072d1  __aeabi_ui2f                  
200072f5  GPIOPinWrite                  
20007315  IntRegister                   
20007335  __aeabi_ui2d                  
20007355  GPIOIntRegister               
20007373  TimerDisable                  
20007391  TimerEnable                   
200073af  UARTCharPut                   
200073cd  TimerLoadGet                  
200073e9  TimerValueGet                 
20007405  UARTCharGetNonBlocking        
20007421  __TI_zero_init_nomemset       
20007459  memccpy                       
20007475  GPIOIntEnable                 
2000748f  PinTypeUART                   
200074a9  GPIOPinRead                   
200074c1  UARTCharsAvail                
200074f1  PRCMHIBRegRead                
20007507  PRCMHIBRegWrite               
2000751d  strchr                        
20007533  CPUcpsie                      
20007547  GPIOIntClear                  
2000755d  IntVTableBaseSet              
20007571  strlen                        
20007585  wcslen                        
20007597  __TI_decompress_none          
200075a5  ResetISR                      
200075b3  copysign                      
200075b3  copysignl                     
200075bf  IntMasterEnable               
200075c9  __aeabi_errno_addr            
200075d1  malloc                        
200075d9  UtilsDelay                    
200075df  _system_pre_init              
200075e3  C$$EXIT                       
200075e3  abort                         
200075e8  _ctypes_                      
200078b0  temp                          
200078b8  __TI_static_base__            
200078c8  __TI_Handler_Table_Base       
200078d4  __TI_Handler_Table_Limit      
200078e0  __TI_CINIT_Base               
200078f0  __TI_CINIT_Limit              
20017000  __start___llvm_prf_cnts       
20017000  __stop___llvm_prf_cnts        
20017000  _sys_memory                   
20017800  _lock                         
20017804  _unlock                       
20017810  pulse                         
20017814  echowait                      
20017818  errno                         
2002ff00  __stack                       
20030000  __STACK_END                   
ffffffff  __TI_pprof_out_hndl           
ffffffff  __TI_prof_data_size           
ffffffff  __TI_prof_data_start          
ffffffff  __binit__                     
ffffffff  __c_args__                    
ffffffff  binit                         
UNDEFED   __mpu_init                    
UNDEFED   _system_post_cinit            

[142 symbols]
