<?xml version="1.0" encoding="ISO-8859-1" ?>
<link_info>
   <banner>TI ARM Linker PC v20.2.7.LTS</banner>
   <copyright>Copyright (c) 1996-2018 Texas Instruments Incorporated</copyright>
   <link_time>0x65ed1da1</link_time>
   <link_errors>0x0</link_errors>
   <output_file>uart_demo.out</output_file>
   <entry_point>
      <name>_c_int00_noargs</name>
      <address>0x200072ad</address>
   </entry_point>
   <input_file_list>
      <input_file id="fl-2">
         <path>.\</path>
         <kind>object</kind>
         <file>main.obj</file>
         <name>main.obj</name>
      </input_file>
      <input_file id="fl-3">
         <path>.\</path>
         <kind>object</kind>
         <file>pinmux.obj</file>
         <name>pinmux.obj</name>
      </input_file>
      <input_file id="fl-4">
         <path>.\</path>
         <kind>object</kind>
         <file>startup_ccs.obj</file>
         <name>startup_ccs.obj</name>
      </input_file>
      <input_file id="fl-5">
         <path>.\</path>
         <kind>object</kind>
         <file>uart_if.obj</file>
         <name>uart_if.obj</name>
      </input_file>
      <input_file id="fl-a">
         <kind>object</kind>
         <file>&lt;internal&gt;</file>
         <name>&lt;internal&gt;</name>
      </input_file>
      <input_file id="fl-b">
         <path>C:\ti\CC3200SDK_1.5.0\cc3200-sdk\driverlib\ccs\Release\</path>
         <kind>archive</kind>
         <file>driverlib.a</file>
         <name>gpio.obj</name>
      </input_file>
      <input_file id="fl-c">
         <path>C:\ti\CC3200SDK_1.5.0\cc3200-sdk\driverlib\ccs\Release\</path>
         <kind>archive</kind>
         <file>driverlib.a</file>
         <name>interrupt.obj</name>
      </input_file>
      <input_file id="fl-d">
         <path>C:\ti\CC3200SDK_1.5.0\cc3200-sdk\driverlib\ccs\Release\</path>
         <kind>archive</kind>
         <file>driverlib.a</file>
         <name>pin.obj</name>
      </input_file>
      <input_file id="fl-e">
         <path>C:\ti\CC3200SDK_1.5.0\cc3200-sdk\driverlib\ccs\Release\</path>
         <kind>archive</kind>
         <file>driverlib.a</file>
         <name>prcm.obj</name>
      </input_file>
      <input_file id="fl-f">
         <path>C:\ti\CC3200SDK_1.5.0\cc3200-sdk\driverlib\ccs\Release\</path>
         <kind>archive</kind>
         <file>driverlib.a</file>
         <name>timer.obj</name>
      </input_file>
      <input_file id="fl-10">
         <path>C:\ti\CC3200SDK_1.5.0\cc3200-sdk\driverlib\ccs\Release\</path>
         <kind>archive</kind>
         <file>driverlib.a</file>
         <name>uart.obj</name>
      </input_file>
      <input_file id="fl-11">
         <path>C:\ti\CC3200SDK_1.5.0\cc3200-sdk\driverlib\ccs\Release\</path>
         <kind>archive</kind>
         <file>driverlib.a</file>
         <name>utils.obj</name>
      </input_file>
      <input_file id="fl-12">
         <path>C:\ti\CC3200SDK_1.5.0\cc3200-sdk\driverlib\ccs\Release\</path>
         <kind>archive</kind>
         <file>driverlib.a</file>
         <name>cpu.obj</name>
      </input_file>
      <input_file id="fl-13">
         <path>C:\ti\CC3200SDK_1.5.0\cc3200-sdk\driverlib\ccs\Release\</path>
         <kind>archive</kind>
         <file>driverlib.a</file>
         <name>flash.obj</name>
      </input_file>
      <input_file id="fl-c9">
         <path>C:\ti\ccs1250\ccs\tools\compiler\ti-cgt-arm_20.2.7.LTS\lib\</path>
         <kind>archive</kind>
         <file>rtsv7M4_T_le_eabi.lib</file>
         <name>vsnprintf.c.obj</name>
      </input_file>
      <input_file id="fl-ca">
         <path>C:\ti\ccs1250\ccs\tools\compiler\ti-cgt-arm_20.2.7.LTS\lib\</path>
         <kind>archive</kind>
         <file>rtsv7M4_T_le_eabi.lib</file>
         <name>fd_mul_t2.asm.obj</name>
      </input_file>
      <input_file id="fl-cb">
         <path>C:\ti\ccs1250\ccs\tools\compiler\ti-cgt-arm_20.2.7.LTS\lib\</path>
         <kind>archive</kind>
         <file>rtsv7M4_T_le_eabi.lib</file>
         <name>fd_tou_t2.asm.obj</name>
      </input_file>
      <input_file id="fl-cc">
         <path>C:\ti\ccs1250\ccs\tools\compiler\ti-cgt-arm_20.2.7.LTS\lib\</path>
         <kind>archive</kind>
         <file>rtsv7M4_T_le_eabi.lib</file>
         <name>fs_div_t2.asm.obj</name>
      </input_file>
      <input_file id="fl-cd">
         <path>C:\ti\ccs1250\ccs\tools\compiler\ti-cgt-arm_20.2.7.LTS\lib\</path>
         <kind>archive</kind>
         <file>rtsv7M4_T_le_eabi.lib</file>
         <name>fs_mul_t2.asm.obj</name>
      </input_file>
      <input_file id="fl-ce">
         <path>C:\ti\ccs1250\ccs\tools\compiler\ti-cgt-arm_20.2.7.LTS\lib\</path>
         <kind>archive</kind>
         <file>rtsv7M4_T_le_eabi.lib</file>
         <name>fs_tod_t2.asm.obj</name>
      </input_file>
      <input_file id="fl-cf">
         <path>C:\ti\ccs1250\ccs\tools\compiler\ti-cgt-arm_20.2.7.LTS\lib\</path>
         <kind>archive</kind>
         <file>rtsv7M4_T_le_eabi.lib</file>
         <name>fs_toi_t2.asm.obj</name>
      </input_file>
      <input_file id="fl-d0">
         <path>C:\ti\ccs1250\ccs\tools\compiler\ti-cgt-arm_20.2.7.LTS\lib\</path>
         <kind>archive</kind>
         <file>rtsv7M4_T_le_eabi.lib</file>
         <name>memcpy_t2.asm.obj</name>
      </input_file>
      <input_file id="fl-d1">
         <path>C:\ti\ccs1250\ccs\tools\compiler\ti-cgt-arm_20.2.7.LTS\lib\</path>
         <kind>archive</kind>
         <file>rtsv7M4_T_le_eabi.lib</file>
         <name>u_tofd_t2.asm.obj</name>
      </input_file>
      <input_file id="fl-d2">
         <path>C:\ti\ccs1250\ccs\tools\compiler\ti-cgt-arm_20.2.7.LTS\lib\</path>
         <kind>archive</kind>
         <file>rtsv7M4_T_le_eabi.lib</file>
         <name>u_tofs_t2.asm.obj</name>
      </input_file>
      <input_file id="fl-d3">
         <path>C:\ti\ccs1250\ccs\tools\compiler\ti-cgt-arm_20.2.7.LTS\lib\</path>
         <kind>archive</kind>
         <file>rtsv7M4_T_le_eabi.lib</file>
         <name>ull_div_t2.asm.obj</name>
      </input_file>
      <input_file id="fl-d4">
         <path>C:\ti\ccs1250\ccs\tools\compiler\ti-cgt-arm_20.2.7.LTS\lib\</path>
         <kind>archive</kind>
         <file>rtsv7M4_T_le_eabi.lib</file>
         <name>copy_zero_init.c.obj</name>
      </input_file>
      <input_file id="fl-d5">
         <path>C:\ti\ccs1250\ccs\tools\compiler\ti-cgt-arm_20.2.7.LTS\lib\</path>
         <kind>archive</kind>
         <file>rtsv7M4_T_le_eabi.lib</file>
         <name>copy_decompress_none.c.obj</name>
      </input_file>
      <input_file id="fl-d6">
         <path>C:\ti\ccs1250\ccs\tools\compiler\ti-cgt-arm_20.2.7.LTS\lib\</path>
         <kind>archive</kind>
         <file>rtsv7M4_T_le_eabi.lib</file>
         <name>copy_decompress_lzss.c.obj</name>
      </input_file>
      <input_file id="fl-d7">
         <path>C:\ti\ccs1250\ccs\tools\compiler\ti-cgt-arm_20.2.7.LTS\lib\</path>
         <kind>archive</kind>
         <file>rtsv7M4_T_le_eabi.lib</file>
         <name>memmov.c.obj</name>
      </input_file>
      <input_file id="fl-d8">
         <path>C:\ti\ccs1250\ccs\tools\compiler\ti-cgt-arm_20.2.7.LTS\lib\</path>
         <kind>archive</kind>
         <file>rtsv7M4_T_le_eabi.lib</file>
         <name>memory.c.obj</name>
      </input_file>
      <input_file id="fl-d9">
         <path>C:\ti\ccs1250\ccs\tools\compiler\ti-cgt-arm_20.2.7.LTS\lib\</path>
         <kind>archive</kind>
         <file>rtsv7M4_T_le_eabi.lib</file>
         <name>strlen.c.obj</name>
      </input_file>
      <input_file id="fl-da">
         <path>C:\ti\ccs1250\ccs\tools\compiler\ti-cgt-arm_20.2.7.LTS\lib\</path>
         <kind>archive</kind>
         <file>rtsv7M4_T_le_eabi.lib</file>
         <name>boot_cortex_m.c.obj</name>
      </input_file>
      <input_file id="fl-db">
         <path>C:\ti\ccs1250\ccs\tools\compiler\ti-cgt-arm_20.2.7.LTS\lib\</path>
         <kind>archive</kind>
         <file>rtsv7M4_T_le_eabi.lib</file>
         <name>_printfi.c.obj</name>
      </input_file>
      <input_file id="fl-dc">
         <path>C:\ti\ccs1250\ccs\tools\compiler\ti-cgt-arm_20.2.7.LTS\lib\</path>
         <kind>archive</kind>
         <file>rtsv7M4_T_le_eabi.lib</file>
         <name>div0.asm.obj</name>
      </input_file>
      <input_file id="fl-dd">
         <path>C:\ti\ccs1250\ccs\tools\compiler\ti-cgt-arm_20.2.7.LTS\lib\</path>
         <kind>archive</kind>
         <file>rtsv7M4_T_le_eabi.lib</file>
         <name>fd_add_t2.asm.obj</name>
      </input_file>
      <input_file id="fl-de">
         <path>C:\ti\ccs1250\ccs\tools\compiler\ti-cgt-arm_20.2.7.LTS\lib\</path>
         <kind>archive</kind>
         <file>rtsv7M4_T_le_eabi.lib</file>
         <name>fd_cmp_t2.asm.obj</name>
      </input_file>
      <input_file id="fl-df">
         <path>C:\ti\ccs1250\ccs\tools\compiler\ti-cgt-arm_20.2.7.LTS\lib\</path>
         <kind>archive</kind>
         <file>rtsv7M4_T_le_eabi.lib</file>
         <name>fd_div_t2.asm.obj</name>
      </input_file>
      <input_file id="fl-e0">
         <path>C:\ti\ccs1250\ccs\tools\compiler\ti-cgt-arm_20.2.7.LTS\lib\</path>
         <kind>archive</kind>
         <file>rtsv7M4_T_le_eabi.lib</file>
         <name>fd_toi_t2.asm.obj</name>
      </input_file>
      <input_file id="fl-e1">
         <path>C:\ti\ccs1250\ccs\tools\compiler\ti-cgt-arm_20.2.7.LTS\lib\</path>
         <kind>archive</kind>
         <file>rtsv7M4_T_le_eabi.lib</file>
         <name>i_tofd_t2.asm.obj</name>
      </input_file>
      <input_file id="fl-e2">
         <path>C:\ti\ccs1250\ccs\tools\compiler\ti-cgt-arm_20.2.7.LTS\lib\</path>
         <kind>archive</kind>
         <file>rtsv7M4_T_le_eabi.lib</file>
         <name>memset_t2.asm.obj</name>
      </input_file>
      <input_file id="fl-e3">
         <path>C:\ti\ccs1250\ccs\tools\compiler\ti-cgt-arm_20.2.7.LTS\lib\</path>
         <kind>archive</kind>
         <file>rtsv7M4_T_le_eabi.lib</file>
         <name>autoinit.c.obj</name>
      </input_file>
      <input_file id="fl-e4">
         <path>C:\ti\ccs1250\ccs\tools\compiler\ti-cgt-arm_20.2.7.LTS\lib\</path>
         <kind>archive</kind>
         <file>rtsv7M4_T_le_eabi.lib</file>
         <name>pre_init.c.obj</name>
      </input_file>
      <input_file id="fl-e5">
         <path>C:\ti\ccs1250\ccs\tools\compiler\ti-cgt-arm_20.2.7.LTS\lib\</path>
         <kind>archive</kind>
         <file>rtsv7M4_T_le_eabi.lib</file>
         <name>cpy_tbl.c.obj</name>
      </input_file>
      <input_file id="fl-e6">
         <path>C:\ti\ccs1250\ccs\tools\compiler\ti-cgt-arm_20.2.7.LTS\lib\</path>
         <kind>archive</kind>
         <file>rtsv7M4_T_le_eabi.lib</file>
         <name>exit.c.obj</name>
      </input_file>
      <input_file id="fl-e7">
         <path>C:\ti\ccs1250\ccs\tools\compiler\ti-cgt-arm_20.2.7.LTS\lib\</path>
         <kind>archive</kind>
         <file>rtsv7M4_T_le_eabi.lib</file>
         <name>_lock.c.obj</name>
      </input_file>
      <input_file id="fl-e8">
         <path>C:\ti\ccs1250\ccs\tools\compiler\ti-cgt-arm_20.2.7.LTS\lib\</path>
         <kind>archive</kind>
         <file>rtsv7M4_T_le_eabi.lib</file>
         <name>_ltoa.c.obj</name>
      </input_file>
      <input_file id="fl-e9">
         <path>C:\ti\ccs1250\ccs\tools\compiler\ti-cgt-arm_20.2.7.LTS\lib\</path>
         <kind>archive</kind>
         <file>rtsv7M4_T_le_eabi.lib</file>
         <name>args_main.c.obj</name>
      </input_file>
      <input_file id="fl-ea">
         <path>C:\ti\ccs1250\ccs\tools\compiler\ti-cgt-arm_20.2.7.LTS\lib\</path>
         <kind>archive</kind>
         <file>rtsv7M4_T_le_eabi.lib</file>
         <name>atoi.c.obj</name>
      </input_file>
      <input_file id="fl-eb">
         <path>C:\ti\ccs1250\ccs\tools\compiler\ti-cgt-arm_20.2.7.LTS\lib\</path>
         <kind>archive</kind>
         <file>rtsv7M4_T_le_eabi.lib</file>
         <name>ctype.c.obj</name>
      </input_file>
      <input_file id="fl-ec">
         <path>C:\ti\ccs1250\ccs\tools\compiler\ti-cgt-arm_20.2.7.LTS\lib\</path>
         <kind>archive</kind>
         <file>rtsv7M4_T_le_eabi.lib</file>
         <name>memccpy.c.obj</name>
      </input_file>
      <input_file id="fl-ed">
         <path>C:\ti\ccs1250\ccs\tools\compiler\ti-cgt-arm_20.2.7.LTS\lib\</path>
         <kind>archive</kind>
         <file>rtsv7M4_T_le_eabi.lib</file>
         <name>strchr.c.obj</name>
      </input_file>
      <input_file id="fl-ee">
         <path>C:\ti\ccs1250\ccs\tools\compiler\ti-cgt-arm_20.2.7.LTS\lib\</path>
         <kind>archive</kind>
         <file>rtsv7M4_T_le_eabi.lib</file>
         <name>errno.c.obj</name>
      </input_file>
      <input_file id="fl-ef">
         <path>C:\ti\ccs1250\ccs\tools\compiler\ti-cgt-arm_20.2.7.LTS\lib\</path>
         <kind>archive</kind>
         <file>rtsv7M4_T_le_eabi.lib</file>
         <name>wcslen.c.obj</name>
      </input_file>
      <input_file id="fl-f0">
         <path>C:\ti\ccs1250\ccs\tools\compiler\ti-cgt-arm_20.2.7.LTS\lib\</path>
         <kind>archive</kind>
         <file>rtsv7M4_T_le_eabi.lib</file>
         <name>s_frexp.c.obj</name>
      </input_file>
      <input_file id="fl-f1">
         <path>C:\ti\ccs1250\ccs\tools\compiler\ti-cgt-arm_20.2.7.LTS\lib\</path>
         <kind>archive</kind>
         <file>rtsv7M4_T_le_eabi.lib</file>
         <name>s_scalbn.c.obj</name>
      </input_file>
      <input_file id="fl-f2">
         <path>C:\ti\ccs1250\ccs\tools\compiler\ti-cgt-arm_20.2.7.LTS\lib\</path>
         <kind>archive</kind>
         <file>rtsv7M4_T_le_eabi.lib</file>
         <name>s_copysign.c.obj</name>
      </input_file>
   </input_file_list>
   <object_component_list>
      <object_component id="oc-12">
         <name>.intvecs</name>
         <load_address>0x20004000</load_address>
         <run_address>0x20004000</run_address>
         <size>0x400</size>
         <input_file_ref idref="fl-4"/>
      </object_component>
      <object_component id="oc-29b">
         <name>.text:__TI_printfi</name>
         <load_address>0x20004400</load_address>
         <run_address>0x20004400</run_address>
         <size>0xa4e</size>
         <input_file_ref idref="fl-db"/>
      </object_component>
      <object_component id="oc-30d">
         <name>.text:_nop</name>
         <load_address>0x20004e4e</load_address>
         <run_address>0x20004e4e</run_address>
         <size>0x2</size>
         <input_file_ref idref="fl-e7"/>
      </object_component>
      <object_component id="oc-97">
         <name>.text</name>
         <load_address>0x20004e50</load_address>
         <run_address>0x20004e50</run_address>
         <size>0x27c</size>
         <input_file_ref idref="fl-2"/>
      </object_component>
      <object_component id="oc-c5">
         <name>.text</name>
         <load_address>0x200050cc</load_address>
         <run_address>0x200050cc</run_address>
         <size>0x27c</size>
         <input_file_ref idref="fl-5"/>
      </object_component>
      <object_component id="oc-351">
         <name>.text:_pconv_a</name>
         <load_address>0x20005348</load_address>
         <run_address>0x20005348</run_address>
         <size>0x268</size>
         <input_file_ref idref="fl-db"/>
      </object_component>
      <object_component id="oc-33f">
         <name>.text:_pconv_g</name>
         <load_address>0x200055b0</load_address>
         <run_address>0x200055b0</run_address>
         <size>0x1cc</size>
         <input_file_ref idref="fl-db"/>
      </object_component>
      <object_component id="oc-3c9">
         <name>.text</name>
         <load_address>0x2000577c</load_address>
         <run_address>0x2000577c</run_address>
         <size>0x1b6</size>
         <input_file_ref idref="fl-dd"/>
      </object_component>
      <object_component id="oc-420">
         <name>.text</name>
         <load_address>0x20005932</load_address>
         <run_address>0x20005932</run_address>
         <size>0x2</size>
         <input_file_ref idref="fl-dc"/>
      </object_component>
      <object_component id="oc-dd">
         <name>.text:PRCMCC3200MCUInit</name>
         <load_address>0x20005934</load_address>
         <run_address>0x20005934</run_address>
         <size>0x178</size>
         <input_file_ref idref="fl-e"/>
      </object_component>
      <object_component id="oc-34b">
         <name>.text:_pconv_e</name>
         <load_address>0x20005aac</load_address>
         <run_address>0x20005aac</run_address>
         <size>0x13c</size>
         <input_file_ref idref="fl-db"/>
      </object_component>
      <object_component id="oc-3af">
         <name>.text</name>
         <load_address>0x20005be8</load_address>
         <run_address>0x20005be8</run_address>
         <size>0x136</size>
         <input_file_ref idref="fl-df"/>
      </object_component>
      <object_component id="oc-3db">
         <name>.text:fcvt</name>
         <load_address>0x20005d20</load_address>
         <run_address>0x20005d20</run_address>
         <size>0x120</size>
         <input_file_ref idref="fl-db"/>
      </object_component>
      <object_component id="oc-2bf">
         <name>.text:aligned_alloc</name>
         <load_address>0x20005e40</load_address>
         <run_address>0x20005e40</run_address>
         <size>0x100</size>
         <input_file_ref idref="fl-d8"/>
      </object_component>
      <object_component id="oc-ef">
         <name>.text</name>
         <load_address>0x20005f40</load_address>
         <run_address>0x20005f40</run_address>
         <size>0xfc</size>
         <input_file_ref idref="fl-ca"/>
      </object_component>
      <object_component id="oc-1dc">
         <name>.text:free</name>
         <load_address>0x2000603c</load_address>
         <run_address>0x2000603c</run_address>
         <size>0xe4</size>
         <input_file_ref idref="fl-d8"/>
      </object_component>
      <object_component id="oc-1d6">
         <name>.text:realloc</name>
         <load_address>0x20006120</load_address>
         <run_address>0x20006120</run_address>
         <size>0xe4</size>
         <input_file_ref idref="fl-d8"/>
      </object_component>
      <object_component id="oc-3ef">
         <name>.text:scalbn</name>
         <load_address>0x20006204</load_address>
         <run_address>0x20006204</run_address>
         <size>0xd0</size>
         <input_file_ref idref="fl-f1"/>
      </object_component>
      <object_component id="oc-334">
         <name>.text:_ltostr</name>
         <load_address>0x200062d4</load_address>
         <run_address>0x200062d4</run_address>
         <size>0xb1</size>
         <input_file_ref idref="fl-db"/>
      </object_component>
      <object_component id="oc-d7">
         <name>.text:IntEnable</name>
         <load_address>0x20006388</load_address>
         <run_address>0x20006388</run_address>
         <size>0xa8</size>
         <input_file_ref idref="fl-c"/>
      </object_component>
      <object_component id="oc-3d">
         <name>.text</name>
         <load_address>0x20006430</load_address>
         <run_address>0x20006430</run_address>
         <size>0x9c</size>
         <input_file_ref idref="fl-d0"/>
      </object_component>
      <object_component id="oc-3a8">
         <name>.text</name>
         <load_address>0x200064cc</load_address>
         <run_address>0x200064cc</run_address>
         <size>0x96</size>
         <input_file_ref idref="fl-d3"/>
      </object_component>
      <object_component id="oc-1a0">
         <name>.text:PRCMPeripheralClockGet</name>
         <load_address>0x20006564</load_address>
         <run_address>0x20006564</run_address>
         <size>0x94</size>
         <input_file_ref idref="fl-e"/>
      </object_component>
      <object_component id="oc-fe">
         <name>.text</name>
         <load_address>0x200065f8</load_address>
         <run_address>0x200065f8</run_address>
         <size>0x92</size>
         <input_file_ref idref="fl-cc"/>
      </object_component>
      <object_component id="oc-2f6">
         <name>.text:PinConfigSet</name>
         <load_address>0x2000668c</load_address>
         <run_address>0x2000668c</run_address>
         <size>0x88</size>
         <input_file_ref idref="fl-d"/>
      </object_component>
      <object_component id="oc-33a">
         <name>.text:__aeabi_cdcmple</name>
         <load_address>0x20006714</load_address>
         <run_address>0x20006714</run_address>
         <size>0x86</size>
         <input_file_ref idref="fl-de"/>
      </object_component>
      <object_component id="oc-3b4">
         <name>.text:__aeabi_cdrcmple</name>
         <load_address>0x2000679a</load_address>
         <run_address>0x2000679a</run_address>
         <size>0x86</size>
         <input_file_ref idref="fl-de"/>
      </object_component>
      <object_component id="oc-12a">
         <name>.text:GPIOIntTypeSet</name>
         <load_address>0x20006820</load_address>
         <run_address>0x20006820</run_address>
         <size>0x82</size>
         <input_file_ref idref="fl-b"/>
      </object_component>
      <object_component id="oc-103">
         <name>.text</name>
         <load_address>0x200068a2</load_address>
         <run_address>0x200068a2</run_address>
         <size>0x7a</size>
         <input_file_ref idref="fl-cd"/>
      </object_component>
      <object_component id="oc-8b">
         <name>.text</name>
         <load_address>0x2000691c</load_address>
         <run_address>0x2000691c</run_address>
         <size>0x7a</size>
         <input_file_ref idref="fl-e2"/>
      </object_component>
      <object_component id="oc-1a6">
         <name>.text:UARTConfigSetExpClk</name>
         <load_address>0x20006996</load_address>
         <run_address>0x20006996</run_address>
         <size>0x76</size>
         <input_file_ref idref="fl-10"/>
      </object_component>
      <object_component id="oc-130">
         <name>.text:TimerIntRegister</name>
         <load_address>0x20006a0c</load_address>
         <run_address>0x20006a0c</run_address>
         <size>0x70</size>
         <input_file_ref idref="fl-f"/>
      </object_component>
      <object_component id="oc-2cc">
         <name>.text:split</name>
         <load_address>0x20006a7c</load_address>
         <run_address>0x20006a7c</run_address>
         <size>0x70</size>
         <input_file_ref idref="fl-d8"/>
      </object_component>
      <object_component id="oc-3d4">
         <name>.text:_mcpy</name>
         <load_address>0x20006aec</load_address>
         <run_address>0x20006aec</run_address>
         <size>0x6e</size>
         <input_file_ref idref="fl-db"/>
      </object_component>
      <object_component id="oc-15">
         <name>.text:decompress:lzss:__TI_decompress_lzss</name>
         <load_address>0x20006b5a</load_address>
         <run_address>0x20006b5a</run_address>
         <size>0x68</size>
         <input_file_ref idref="fl-d6"/>
      </object_component>
      <object_component id="oc-112">
         <name>.text</name>
         <load_address>0x20006bc4</load_address>
         <run_address>0x20006bc4</run_address>
         <size>0x64</size>
         <input_file_ref idref="fl-3"/>
      </object_component>
      <object_component id="oc-3e9">
         <name>.text:frexp</name>
         <load_address>0x20006c28</load_address>
         <run_address>0x20006c28</run_address>
         <size>0x5c</size>
         <input_file_ref idref="fl-f0"/>
      </object_component>
      <object_component id="oc-21a">
         <name>.text:PRCMPeripheralReset</name>
         <load_address>0x20006c84</load_address>
         <run_address>0x20006c84</run_address>
         <size>0x58</size>
         <input_file_ref idref="fl-e"/>
      </object_component>
      <object_component id="oc-345">
         <name>.text:_pconv_f</name>
         <load_address>0x20006cdc</load_address>
         <run_address>0x20006cdc</run_address>
         <size>0x56</size>
         <input_file_ref idref="fl-db"/>
      </object_component>
      <object_component id="oc-3be">
         <name>.text:__TI_ltoa</name>
         <load_address>0x20006d32</load_address>
         <run_address>0x20006d32</run_address>
         <size>0x54</size>
         <input_file_ref idref="fl-e8"/>
      </object_component>
      <object_component id="oc-3ce">
         <name>.text:_ecpy</name>
         <load_address>0x20006d86</load_address>
         <run_address>0x20006d86</run_address>
         <size>0x52</size>
         <input_file_ref idref="fl-db"/>
      </object_component>
      <object_component id="oc-32e">
         <name>.text:atoi</name>
         <load_address>0x20006dd8</load_address>
         <run_address>0x20006dd8</run_address>
         <size>0x4c</size>
         <input_file_ref idref="fl-ea"/>
      </object_component>
      <object_component id="oc-24f">
         <name>.text:GPIOGetIntNumber</name>
         <load_address>0x20006e24</load_address>
         <run_address>0x20006e24</run_address>
         <size>0x48</size>
         <input_file_ref idref="fl-b"/>
      </object_component>
      <object_component id="oc-3b9">
         <name>.text</name>
         <load_address>0x20006e6c</load_address>
         <run_address>0x20006e6c</run_address>
         <size>0x48</size>
         <input_file_ref idref="fl-e0"/>
      </object_component>
      <object_component id="oc-118">
         <name>.text:TimerConfigure</name>
         <load_address>0x20006eb4</load_address>
         <run_address>0x20006eb4</run_address>
         <size>0x44</size>
         <input_file_ref idref="fl-f"/>
      </object_component>
      <object_component id="oc-16e">
         <name>.text:__TI_auto_init_nobinit_nopinit:__TI_auto_init_nobinit_nopinit</name>
         <load_address>0x20006ef8</load_address>
         <run_address>0x20006ef8</run_address>
         <size>0x44</size>
         <input_file_ref idref="fl-e3"/>
      </object_component>
      <object_component id="oc-f4">
         <name>.text</name>
         <load_address>0x20006f3c</load_address>
         <run_address>0x20006f3c</run_address>
         <size>0x44</size>
         <input_file_ref idref="fl-cb"/>
      </object_component>
      <object_component id="oc-2fc">
         <name>.text:PinModeSet</name>
         <load_address>0x20006f80</load_address>
         <run_address>0x20006f80</run_address>
         <size>0x40</size>
         <input_file_ref idref="fl-d"/>
      </object_component>
      <object_component id="oc-1b2">
         <name>.text:vsnprintf</name>
         <load_address>0x20006fc0</load_address>
         <run_address>0x20006fc0</run_address>
         <size>0x40</size>
         <input_file_ref idref="fl-c9"/>
      </object_component>
      <object_component id="oc-3e1">
         <name>.text:_fcpy</name>
         <load_address>0x20007000</load_address>
         <run_address>0x20007000</run_address>
         <size>0x3e</size>
         <input_file_ref idref="fl-db"/>
      </object_component>
      <object_component id="oc-214">
         <name>.text:PRCMPeripheralClkEnable</name>
         <load_address>0x20007040</load_address>
         <run_address>0x20007040</run_address>
         <size>0x3c</size>
         <input_file_ref idref="fl-e"/>
      </object_component>
      <object_component id="oc-10d">
         <name>.text</name>
         <load_address>0x2000707c</load_address>
         <run_address>0x2000707c</run_address>
         <size>0x38</size>
         <input_file_ref idref="fl-ce"/>
      </object_component>
      <object_component id="oc-108">
         <name>.text</name>
         <load_address>0x200070b4</load_address>
         <run_address>0x200070b4</run_address>
         <size>0x38</size>
         <input_file_ref idref="fl-cf"/>
      </object_component>
      <object_component id="oc-236">
         <name>.text:GPIODirModeSet</name>
         <load_address>0x200070ec</load_address>
         <run_address>0x200070ec</run_address>
         <size>0x36</size>
         <input_file_ref idref="fl-b"/>
      </object_component>
      <object_component id="oc-230">
         <name>.text:PinTypeGPIO</name>
         <load_address>0x20007122</load_address>
         <run_address>0x20007122</run_address>
         <size>0x30</size>
         <input_file_ref idref="fl-d"/>
      </object_component>
      <object_component id="oc-28d">
         <name>.text:UARTDisable</name>
         <load_address>0x20007154</load_address>
         <run_address>0x20007154</run_address>
         <size>0x30</size>
         <input_file_ref idref="fl-10"/>
      </object_component>
      <object_component id="oc-2a1">
         <name>.text:_outs</name>
         <load_address>0x20007184</load_address>
         <run_address>0x20007184</run_address>
         <size>0x30</size>
         <input_file_ref idref="fl-c9"/>
      </object_component>
      <object_component id="oc-3c4">
         <name>.text</name>
         <load_address>0x200071b4</load_address>
         <run_address>0x200071b4</run_address>
         <size>0x2e</size>
         <input_file_ref idref="fl-e1"/>
      </object_component>
      <object_component id="oc-202">
         <name>.text:PRCMSysResetCauseGet</name>
         <load_address>0x200071e4</load_address>
         <run_address>0x200071e4</run_address>
         <size>0x2c</size>
         <input_file_ref idref="fl-e"/>
      </object_component>
      <object_component id="oc-220">
         <name>.text:PRCMPeripheralClkDisable</name>
         <load_address>0x20007210</load_address>
         <run_address>0x20007210</run_address>
         <size>0x28</size>
         <input_file_ref idref="fl-e"/>
      </object_component>
      <object_component id="oc-2d3">
         <name>.text:free_list_insert</name>
         <load_address>0x20007238</load_address>
         <run_address>0x20007238</run_address>
         <size>0x28</size>
         <input_file_ref idref="fl-d8"/>
      </object_component>
      <object_component id="oc-1ca">
         <name>.text:memmove</name>
         <load_address>0x20007260</load_address>
         <run_address>0x20007260</run_address>
         <size>0x28</size>
         <input_file_ref idref="fl-d7"/>
      </object_component>
      <object_component id="oc-293">
         <name>.text:UARTEnable</name>
         <load_address>0x20007288</load_address>
         <run_address>0x20007288</run_address>
         <size>0x24</size>
         <input_file_ref idref="fl-10"/>
      </object_component>
      <object_component id="oc-5b">
         <name>.text:_c_int00_noargs:_c_int00_noargs</name>
         <load_address>0x200072ac</load_address>
         <run_address>0x200072ac</run_address>
         <size>0x24</size>
         <input_file_ref idref="fl-da"/>
      </object_component>
      <object_component id="oc-f9">
         <name>.text</name>
         <load_address>0x200072d0</load_address>
         <run_address>0x200072d0</run_address>
         <size>0x24</size>
         <input_file_ref idref="fl-d2"/>
      </object_component>
      <object_component id="oc-e3">
         <name>.text:GPIOPinWrite</name>
         <load_address>0x200072f4</load_address>
         <run_address>0x200072f4</run_address>
         <size>0x20</size>
         <input_file_ref idref="fl-b"/>
      </object_component>
      <object_component id="oc-247">
         <name>.text:IntRegister</name>
         <load_address>0x20007314</load_address>
         <run_address>0x20007314</run_address>
         <size>0x20</size>
         <input_file_ref idref="fl-c"/>
      </object_component>
      <object_component id="oc-ea">
         <name>.text</name>
         <load_address>0x20007334</load_address>
         <run_address>0x20007334</run_address>
         <size>0x20</size>
         <input_file_ref idref="fl-d1"/>
      </object_component>
      <object_component id="oc-136">
         <name>.text:GPIOIntRegister</name>
         <load_address>0x20007354</load_address>
         <run_address>0x20007354</run_address>
         <size>0x1e</size>
         <input_file_ref idref="fl-b"/>
      </object_component>
      <object_component id="oc-154">
         <name>.text:TimerDisable</name>
         <load_address>0x20007372</load_address>
         <run_address>0x20007372</run_address>
         <size>0x1e</size>
         <input_file_ref idref="fl-f"/>
      </object_component>
      <object_component id="oc-11e">
         <name>.text:TimerEnable</name>
         <load_address>0x20007390</load_address>
         <run_address>0x20007390</run_address>
         <size>0x1e</size>
         <input_file_ref idref="fl-f"/>
      </object_component>
      <object_component id="oc-1ac">
         <name>.text:UARTCharPut</name>
         <load_address>0x200073ae</load_address>
         <run_address>0x200073ae</run_address>
         <size>0x1e</size>
         <input_file_ref idref="fl-10"/>
      </object_component>
      <object_component id="oc-148">
         <name>.text:TimerLoadGet</name>
         <load_address>0x200073cc</load_address>
         <run_address>0x200073cc</run_address>
         <size>0x1c</size>
         <input_file_ref idref="fl-f"/>
      </object_component>
      <object_component id="oc-14e">
         <name>.text:TimerValueGet</name>
         <load_address>0x200073e8</load_address>
         <run_address>0x200073e8</run_address>
         <size>0x1c</size>
         <input_file_ref idref="fl-f"/>
      </object_component>
      <object_component id="oc-1be">
         <name>.text:UARTCharGetNonBlocking</name>
         <load_address>0x20007404</load_address>
         <run_address>0x20007404</run_address>
         <size>0x1c</size>
         <input_file_ref idref="fl-10"/>
      </object_component>
      <object_component id="oc-49">
         <name>.text:decompress:ZI:__TI_zero_init_nomemset:__TI_zero_init_nomemset</name>
         <load_address>0x20007420</load_address>
         <run_address>0x20007420</run_address>
         <size>0x1c</size>
         <input_file_ref idref="fl-d4"/>
      </object_component>
      <object_component id="oc-2c6">
         <name>.text:free_list_remove</name>
         <load_address>0x2000743c</load_address>
         <run_address>0x2000743c</run_address>
         <size>0x1c</size>
         <input_file_ref idref="fl-d8"/>
      </object_component>
      <object_component id="oc-357">
         <name>.text:memccpy</name>
         <load_address>0x20007458</load_address>
         <run_address>0x20007458</run_address>
         <size>0x1c</size>
         <input_file_ref idref="fl-ec"/>
      </object_component>
      <object_component id="oc-124">
         <name>.text:GPIOIntEnable</name>
         <load_address>0x20007474</load_address>
         <run_address>0x20007474</run_address>
         <size>0x1a</size>
         <input_file_ref idref="fl-b"/>
      </object_component>
      <object_component id="oc-23c">
         <name>.text:PinTypeUART</name>
         <load_address>0x2000748e</load_address>
         <run_address>0x2000748e</run_address>
         <size>0x1a</size>
         <input_file_ref idref="fl-d"/>
      </object_component>
      <object_component id="oc-142">
         <name>.text:GPIOPinRead</name>
         <load_address>0x200074a8</load_address>
         <run_address>0x200074a8</run_address>
         <size>0x18</size>
         <input_file_ref idref="fl-b"/>
      </object_component>
      <object_component id="oc-1b8">
         <name>.text:UARTCharsAvail</name>
         <load_address>0x200074c0</load_address>
         <run_address>0x200074c0</run_address>
         <size>0x18</size>
         <input_file_ref idref="fl-10"/>
      </object_component>
      <object_component id="oc-2a7">
         <name>.text:_outc</name>
         <load_address>0x200074d8</load_address>
         <run_address>0x200074d8</run_address>
         <size>0x18</size>
         <input_file_ref idref="fl-c9"/>
      </object_component>
      <object_component id="oc-208">
         <name>.text:PRCMHIBRegRead</name>
         <load_address>0x200074f0</load_address>
         <run_address>0x200074f0</run_address>
         <size>0x16</size>
         <input_file_ref idref="fl-e"/>
      </object_component>
      <object_component id="oc-20e">
         <name>.text:PRCMHIBRegWrite</name>
         <load_address>0x20007506</load_address>
         <run_address>0x20007506</run_address>
         <size>0x16</size>
         <input_file_ref idref="fl-e"/>
      </object_component>
      <object_component id="oc-3f5">
         <name>.text:strchr</name>
         <load_address>0x2000751c</load_address>
         <run_address>0x2000751c</run_address>
         <size>0x16</size>
         <input_file_ref idref="fl-ed"/>
      </object_component>
      <object_component id="oc-1f2">
         <name>.text:CPUcpsie</name>
         <load_address>0x20007532</load_address>
         <run_address>0x20007532</run_address>
         <size>0x14</size>
         <input_file_ref idref="fl-12"/>
      </object_component>
      <object_component id="oc-13c">
         <name>.text:GPIOIntClear</name>
         <load_address>0x20007546</load_address>
         <run_address>0x20007546</run_address>
         <size>0x14</size>
         <input_file_ref idref="fl-b"/>
      </object_component>
      <object_component id="oc-cb">
         <name>.text:IntVTableBaseSet</name>
         <load_address>0x2000755c</load_address>
         <run_address>0x2000755c</run_address>
         <size>0x14</size>
         <input_file_ref idref="fl-c"/>
      </object_component>
      <object_component id="oc-1c4">
         <name>.text:strlen</name>
         <load_address>0x20007570</load_address>
         <run_address>0x20007570</run_address>
         <size>0x14</size>
         <input_file_ref idref="fl-d9"/>
      </object_component>
      <object_component id="oc-35d">
         <name>.text:wcslen</name>
         <load_address>0x20007584</load_address>
         <run_address>0x20007584</run_address>
         <size>0x12</size>
         <input_file_ref idref="fl-ef"/>
      </object_component>
      <object_component id="oc-1b">
         <name>.text:decompress:none:__TI_decompress_none</name>
         <load_address>0x20007596</load_address>
         <run_address>0x20007596</run_address>
         <size>0xe</size>
         <input_file_ref idref="fl-d5"/>
      </object_component>
      <object_component id="oc-29">
         <name>.text</name>
         <load_address>0x200075a4</load_address>
         <run_address>0x200075a4</run_address>
         <size>0xe</size>
         <input_file_ref idref="fl-4"/>
      </object_component>
      <object_component id="oc-438">
         <name>.text:copysign</name>
         <load_address>0x200075b2</load_address>
         <run_address>0x200075b2</run_address>
         <size>0xc</size>
         <input_file_ref idref="fl-f2"/>
      </object_component>
      <object_component id="oc-d1">
         <name>.text:IntMasterEnable</name>
         <load_address>0x200075be</load_address>
         <run_address>0x200075be</run_address>
         <size>0xa</size>
         <input_file_ref idref="fl-c"/>
      </object_component>
      <object_component id="oc-363">
         <name>.text:__aeabi_errno_addr</name>
         <load_address>0x200075c8</load_address>
         <run_address>0x200075c8</run_address>
         <size>0x8</size>
         <input_file_ref idref="fl-ee"/>
      </object_component>
      <object_component id="oc-1d0">
         <name>.text:malloc</name>
         <load_address>0x200075d0</load_address>
         <run_address>0x200075d0</run_address>
         <size>0x8</size>
         <input_file_ref idref="fl-d8"/>
      </object_component>
      <object_component id="oc-e9">
         <name>.text:UtilsDelay</name>
         <load_address>0x200075d8</load_address>
         <run_address>0x200075d8</run_address>
         <size>0x6</size>
         <input_file_ref idref="fl-11"/>
      </object_component>
      <object_component id="oc-91">
         <name>.text:_system_pre_init</name>
         <load_address>0x200075de</load_address>
         <run_address>0x200075de</run_address>
         <size>0x4</size>
         <input_file_ref idref="fl-e4"/>
      </object_component>
      <object_component id="oc-162">
         <name>.text:abort:abort</name>
         <load_address>0x200075e2</load_address>
         <run_address>0x200075e2</run_address>
         <size>0x4</size>
         <input_file_ref idref="fl-e6"/>
      </object_component>
      <object_component id="oc-3a3">
         <name>.const:.string:_ctypes_</name>
         <load_address>0x200075e8</load_address>
         <run_address>0x200075e8</run_address>
         <size>0x101</size>
         <input_file_ref idref="fl-eb"/>
      </object_component>
      <object_component id="oc-38f">
         <name>.const:g_ulPinToPadMap</name>
         <load_address>0x200076ec</load_address>
         <run_address>0x200076ec</run_address>
         <size>0x100</size>
         <input_file_ref idref="fl-d"/>
      </object_component>
      <object_component id="oc-2ef">
         <name>.const:PRCM_PeriphRegsList</name>
         <load_address>0x200077ec</load_address>
         <run_address>0x200077ec</run_address>
         <size>0xa8</size>
         <input_file_ref idref="fl-e"/>
      </object_component>
      <object_component id="oc-1fe">
         <name>.const:g_pulEnRegs</name>
         <load_address>0x20007894</load_address>
         <run_address>0x20007894</run_address>
         <size>0x18</size>
         <input_file_ref idref="fl-c"/>
      </object_component>
      <object_component id="oc-15d">
         <name>.const</name>
         <load_address>0x200078b0</load_address>
         <run_address>0x200078b0</run_address>
         <size>0x8</size>
         <input_file_ref idref="fl-2"/>
      </object_component>
      <object_component id="oc-492">
         <name>.cinit..data.load</name>
         <load_address>0x200078b8</load_address>
         <run_address>0x200078b8</run_address>
         <size>0xe</size>
      </object_component>
      <object_component id="oc-490">
         <name>__TI_handler_table</name>
         <load_address>0x200078c8</load_address>
         <run_address>0x200078c8</run_address>
         <size>0xc</size>
      </object_component>
      <object_component id="oc-493">
         <name>.cinit..bss.load</name>
         <load_address>0x200078d8</load_address>
         <run_address>0x200078d8</run_address>
         <size>0x8</size>
      </object_component>
      <object_component id="oc-491">
         <name>__TI_cinit_table</name>
         <load_address>0x200078e0</load_address>
         <run_address>0x200078e0</run_address>
         <size>0x10</size>
      </object_component>
      <object_component id="oc-15a">
         <name>.data</name>
         <load_address>0x20017810</load_address>
         <run_address>0x20017810</run_address>
         <size>0x8</size>
         <input_file_ref idref="fl-2"/>
      </object_component>
      <object_component id="oc-37d">
         <name>.data:$O1$$</name>
         <load_address>0x20017808</load_address>
         <run_address>0x20017808</run_address>
         <size>0x8</size>
         <input_file_ref idref="fl-d8"/>
      </object_component>
      <object_component id="oc-270">
         <name>.data:$O1$$</name>
         <load_address>0x20017800</load_address>
         <run_address>0x20017800</run_address>
         <size>0x8</size>
         <input_file_ref idref="fl-e7"/>
      </object_component>
      <object_component id="oc-405">
         <name>.data</name>
         <load_address>0x20017818</load_address>
         <run_address>0x20017818</run_address>
         <size>0x4</size>
         <input_file_ref idref="fl-ee"/>
      </object_component>
      <object_component id="oc-1e2">
         <name>.bss</name>
         <uninitialized>true</uninitialized>
         <run_address>0x2001781c</run_address>
         <size>0x4</size>
         <input_file_ref idref="fl-5"/>
      </object_component>
      <object_component id="oc-23">
         <name>.sysmem</name>
         <uninitialized>true</uninitialized>
         <run_address>0x20017000</run_address>
         <size>0x10</size>
         <input_file_ref idref="fl-d8"/>
      </object_component>
      <object_component id="oc-496">
         <name>.sysmem</name>
         <uninitialized>true</uninitialized>
         <run_address>0x20017000</run_address>
         <size>0x0</size>
      </object_component>
      <object_component id="oc-26">
         <name>.stack</name>
         <uninitialized>true</uninitialized>
         <run_address>0x2002ff00</run_address>
         <size>0x4</size>
         <input_file_ref idref="fl-da"/>
      </object_component>
      <object_component id="oc-495">
         <name>.stack</name>
         <uninitialized>true</uninitialized>
         <run_address>0x2002ff00</run_address>
         <size>0x0</size>
      </object_component>
      <object_component id="oc-161">
         <name>.debug_info</name>
         <load_address>0x0</load_address>
         <run_address>0x0</run_address>
         <size>0x56d</size>
         <input_file_ref idref="fl-2"/>
      </object_component>
      <object_component id="oc-15e">
         <name>.debug_info</name>
         <load_address>0x56d</load_address>
         <run_address>0x56d</run_address>
         <size>0xde</size>
         <input_file_ref idref="fl-2"/>
      </object_component>
      <object_component id="oc-15b">
         <name>.debug_info</name>
         <load_address>0x64b</load_address>
         <run_address>0x64b</run_address>
         <size>0x101</size>
         <input_file_ref idref="fl-2"/>
      </object_component>
      <object_component id="oc-98">
         <name>.debug_info</name>
         <load_address>0x74c</load_address>
         <run_address>0x74c</run_address>
         <size>0x628</size>
         <input_file_ref idref="fl-2"/>
      </object_component>
      <object_component id="oc-267">
         <name>.debug_info</name>
         <load_address>0xd74</load_address>
         <run_address>0xd74</run_address>
         <size>0x26b</size>
         <input_file_ref idref="fl-2"/>
      </object_component>
      <object_component id="oc-1ec">
         <name>.debug_info</name>
         <load_address>0xfdf</load_address>
         <run_address>0xfdf</run_address>
         <size>0x110</size>
         <input_file_ref idref="fl-2"/>
      </object_component>
      <object_component id="oc-38a">
         <name>.debug_info</name>
         <load_address>0x10ef</load_address>
         <run_address>0x10ef</run_address>
         <size>0x62</size>
         <input_file_ref idref="fl-2"/>
      </object_component>
      <object_component id="oc-38">
         <name>.debug_info</name>
         <load_address>0x1151</load_address>
         <run_address>0x1151</run_address>
         <size>0x84</size>
         <input_file_ref idref="fl-2"/>
      </object_component>
      <object_component id="oc-2e3">
         <name>.debug_info</name>
         <load_address>0x11d5</load_address>
         <run_address>0x11d5</run_address>
         <size>0x2a4</size>
         <input_file_ref idref="fl-2"/>
      </object_component>
      <object_component id="oc-262">
         <name>.debug_info</name>
         <load_address>0x1479</load_address>
         <run_address>0x1479</run_address>
         <size>0xbb</size>
         <input_file_ref idref="fl-2"/>
      </object_component>
      <object_component id="oc-1f9">
         <name>.debug_info</name>
         <load_address>0x1534</load_address>
         <run_address>0x1534</run_address>
         <size>0x2c</size>
         <input_file_ref idref="fl-2"/>
      </object_component>
      <object_component id="oc-116">
         <name>.debug_info</name>
         <load_address>0x1560</load_address>
         <run_address>0x1560</run_address>
         <size>0x208</size>
         <input_file_ref idref="fl-3"/>
      </object_component>
      <object_component id="oc-31">
         <name>.debug_info</name>
         <load_address>0x1768</load_address>
         <run_address>0x1768</run_address>
         <size>0x1a3</size>
         <input_file_ref idref="fl-4"/>
      </object_component>
      <object_component id="oc-13">
         <name>.debug_info</name>
         <load_address>0x190b</load_address>
         <run_address>0x190b</run_address>
         <size>0x122</size>
         <input_file_ref idref="fl-4"/>
      </object_component>
      <object_component id="oc-2b">
         <name>.debug_info</name>
         <load_address>0x1a2d</load_address>
         <run_address>0x1a2d</run_address>
         <size>0x443</size>
         <input_file_ref idref="fl-4"/>
      </object_component>
      <object_component id="oc-1e6">
         <name>.debug_info</name>
         <load_address>0x1e70</load_address>
         <run_address>0x1e70</run_address>
         <size>0x3c1</size>
         <input_file_ref idref="fl-5"/>
      </object_component>
      <object_component id="oc-1e3">
         <name>.debug_info</name>
         <load_address>0x2231</load_address>
         <run_address>0x2231</run_address>
         <size>0xec</size>
         <input_file_ref idref="fl-5"/>
      </object_component>
      <object_component id="oc-c7">
         <name>.debug_info</name>
         <load_address>0x231d</load_address>
         <run_address>0x231d</run_address>
         <size>0x652</size>
         <input_file_ref idref="fl-5"/>
      </object_component>
      <object_component id="oc-1e7">
         <name>.debug_info</name>
         <load_address>0x296f</load_address>
         <run_address>0x296f</run_address>
         <size>0x2c</size>
         <input_file_ref idref="fl-5"/>
      </object_component>
      <object_component id="oc-2de">
         <name>.debug_info</name>
         <load_address>0x299b</load_address>
         <run_address>0x299b</run_address>
         <size>0x35</size>
         <input_file_ref idref="fl-5"/>
      </object_component>
      <object_component id="oc-256">
         <name>.debug_info</name>
         <load_address>0x29d0</load_address>
         <run_address>0x29d0</run_address>
         <size>0x1e0</size>
         <input_file_ref idref="fl-b"/>
      </object_component>
      <object_component id="oc-253">
         <name>.debug_info</name>
         <load_address>0x2bb0</load_address>
         <run_address>0x2bb0</run_address>
         <size>0x19e</size>
         <input_file_ref idref="fl-b"/>
      </object_component>
      <object_component id="oc-23a">
         <name>.debug_info</name>
         <load_address>0x2d4e</load_address>
         <run_address>0x2d4e</run_address>
         <size>0x1dd</size>
         <input_file_ref idref="fl-b"/>
      </object_component>
      <object_component id="oc-12d">
         <name>.debug_info</name>
         <load_address>0x2f2b</load_address>
         <run_address>0x2f2b</run_address>
         <size>0x1e8</size>
         <input_file_ref idref="fl-b"/>
      </object_component>
      <object_component id="oc-128">
         <name>.debug_info</name>
         <load_address>0x3113</load_address>
         <run_address>0x3113</run_address>
         <size>0x1bf</size>
         <input_file_ref idref="fl-b"/>
      </object_component>
      <object_component id="oc-140">
         <name>.debug_info</name>
         <load_address>0x32d2</load_address>
         <run_address>0x32d2</run_address>
         <size>0x1bd</size>
         <input_file_ref idref="fl-b"/>
      </object_component>
      <object_component id="oc-13a">
         <name>.debug_info</name>
         <load_address>0x348f</load_address>
         <run_address>0x348f</run_address>
         <size>0x208</size>
         <input_file_ref idref="fl-b"/>
      </object_component>
      <object_component id="oc-146">
         <name>.debug_info</name>
         <load_address>0x3697</load_address>
         <run_address>0x3697</run_address>
         <size>0x1af</size>
         <input_file_ref idref="fl-b"/>
      </object_component>
      <object_component id="oc-e7">
         <name>.debug_info</name>
         <load_address>0x3846</load_address>
         <run_address>0x3846</run_address>
         <size>0x1d4</size>
         <input_file_ref idref="fl-b"/>
      </object_component>
      <object_component id="oc-2eb">
         <name>.debug_info</name>
         <load_address>0x3a1a</load_address>
         <run_address>0x3a1a</run_address>
         <size>0x201</size>
         <input_file_ref idref="fl-c"/>
      </object_component>
      <object_component id="oc-1ff">
         <name>.debug_info</name>
         <load_address>0x3c1b</load_address>
         <run_address>0x3c1b</run_address>
         <size>0xf4</size>
         <input_file_ref idref="fl-c"/>
      </object_component>
      <object_component id="oc-d2">
         <name>.debug_info</name>
         <load_address>0x3d0f</load_address>
         <run_address>0x3d0f</run_address>
         <size>0x17c</size>
         <input_file_ref idref="fl-c"/>
      </object_component>
      <object_component id="oc-cc">
         <name>.debug_info</name>
         <load_address>0x3e8b</load_address>
         <run_address>0x3e8b</run_address>
         <size>0x1ae</size>
         <input_file_ref idref="fl-c"/>
      </object_component>
      <object_component id="oc-248">
         <name>.debug_info</name>
         <load_address>0x4039</load_address>
         <run_address>0x4039</run_address>
         <size>0x1f8</size>
         <input_file_ref idref="fl-c"/>
      </object_component>
      <object_component id="oc-d8">
         <name>.debug_info</name>
         <load_address>0x4231</load_address>
         <run_address>0x4231</run_address>
         <size>0x19f</size>
         <input_file_ref idref="fl-c"/>
      </object_component>
      <object_component id="oc-41a">
         <name>.debug_info</name>
         <load_address>0x43d0</load_address>
         <run_address>0x43d0</run_address>
         <size>0x14e</size>
         <input_file_ref idref="fl-d"/>
      </object_component>
      <object_component id="oc-390">
         <name>.debug_info</name>
         <load_address>0x451e</load_address>
         <run_address>0x451e</run_address>
         <size>0xf6</size>
         <input_file_ref idref="fl-d"/>
      </object_component>
      <object_component id="oc-300">
         <name>.debug_info</name>
         <load_address>0x4614</load_address>
         <run_address>0x4614</run_address>
         <size>0x1bf</size>
         <input_file_ref idref="fl-d"/>
      </object_component>
      <object_component id="oc-2f9">
         <name>.debug_info</name>
         <load_address>0x47d3</load_address>
         <run_address>0x47d3</run_address>
         <size>0x20d</size>
         <input_file_ref idref="fl-d"/>
      </object_component>
      <object_component id="oc-23f">
         <name>.debug_info</name>
         <load_address>0x49e0</load_address>
         <run_address>0x49e0</run_address>
         <size>0x1d4</size>
         <input_file_ref idref="fl-d"/>
      </object_component>
      <object_component id="oc-233">
         <name>.debug_info</name>
         <load_address>0x4bb4</load_address>
         <run_address>0x4bb4</run_address>
         <size>0x222</size>
         <input_file_ref idref="fl-d"/>
      </object_component>
      <object_component id="oc-2f4">
         <name>.debug_info</name>
         <load_address>0x4dd6</load_address>
         <run_address>0x4dd6</run_address>
         <size>0x25e</size>
         <input_file_ref idref="fl-e"/>
      </object_component>
      <object_component id="oc-2f0">
         <name>.debug_info</name>
         <load_address>0x5034</load_address>
         <run_address>0x5034</run_address>
         <size>0xff</size>
         <input_file_ref idref="fl-e"/>
      </object_component>
      <object_component id="oc-203">
         <name>.debug_info</name>
         <load_address>0x5133</load_address>
         <run_address>0x5133</run_address>
         <size>0x1a6</size>
         <input_file_ref idref="fl-e"/>
      </object_component>
      <object_component id="oc-215">
         <name>.debug_info</name>
         <load_address>0x52d9</load_address>
         <run_address>0x52d9</run_address>
         <size>0x1eb</size>
         <input_file_ref idref="fl-e"/>
      </object_component>
      <object_component id="oc-221">
         <name>.debug_info</name>
         <load_address>0x54c4</load_address>
         <run_address>0x54c4</run_address>
         <size>0x1ed</size>
         <input_file_ref idref="fl-e"/>
      </object_component>
      <object_component id="oc-1a1">
         <name>.debug_info</name>
         <load_address>0x56b1</load_address>
         <run_address>0x56b1</run_address>
         <size>0x216</size>
         <input_file_ref idref="fl-e"/>
      </object_component>
      <object_component id="oc-21b">
         <name>.debug_info</name>
         <load_address>0x58c7</load_address>
         <run_address>0x58c7</run_address>
         <size>0x1c0</size>
         <input_file_ref idref="fl-e"/>
      </object_component>
      <object_component id="oc-de">
         <name>.debug_info</name>
         <load_address>0x5a87</load_address>
         <run_address>0x5a87</run_address>
         <size>0x283</size>
         <input_file_ref idref="fl-e"/>
      </object_component>
      <object_component id="oc-209">
         <name>.debug_info</name>
         <load_address>0x5d0a</load_address>
         <run_address>0x5d0a</run_address>
         <size>0x1bf</size>
         <input_file_ref idref="fl-e"/>
      </object_component>
      <object_component id="oc-20f">
         <name>.debug_info</name>
         <load_address>0x5ec9</load_address>
         <run_address>0x5ec9</run_address>
         <size>0x1d4</size>
         <input_file_ref idref="fl-e"/>
      </object_component>
      <object_component id="oc-24e">
         <name>.debug_info</name>
         <load_address>0x609d</load_address>
         <run_address>0x609d</run_address>
         <size>0x1e1</size>
         <input_file_ref idref="fl-f"/>
      </object_component>
      <object_component id="oc-120">
         <name>.debug_info</name>
         <load_address>0x627e</load_address>
         <run_address>0x627e</run_address>
         <size>0x1af</size>
         <input_file_ref idref="fl-f"/>
      </object_component>
      <object_component id="oc-155">
         <name>.debug_info</name>
         <load_address>0x642d</load_address>
         <run_address>0x642d</run_address>
         <size>0x1b1</size>
         <input_file_ref idref="fl-f"/>
      </object_component>
      <object_component id="oc-119">
         <name>.debug_info</name>
         <load_address>0x65de</load_address>
         <run_address>0x65de</run_address>
         <size>0x1b9</size>
         <input_file_ref idref="fl-f"/>
      </object_component>
      <object_component id="oc-149">
         <name>.debug_info</name>
         <load_address>0x6797</load_address>
         <run_address>0x6797</run_address>
         <size>0x1b8</size>
         <input_file_ref idref="fl-f"/>
      </object_component>
      <object_component id="oc-14f">
         <name>.debug_info</name>
         <load_address>0x694f</load_address>
         <run_address>0x694f</run_address>
         <size>0x1ba</size>
         <input_file_ref idref="fl-f"/>
      </object_component>
      <object_component id="oc-131">
         <name>.debug_info</name>
         <load_address>0x6b09</load_address>
         <run_address>0x6b09</run_address>
         <size>0x23b</size>
         <input_file_ref idref="fl-f"/>
      </object_component>
      <object_component id="oc-1a9">
         <name>.debug_info</name>
         <load_address>0x6d44</load_address>
         <run_address>0x6d44</run_address>
         <size>0x25c</size>
         <input_file_ref idref="fl-10"/>
      </object_component>
      <object_component id="oc-296">
         <name>.debug_info</name>
         <load_address>0x6fa0</load_address>
         <run_address>0x6fa0</run_address>
         <size>0x17e</size>
         <input_file_ref idref="fl-10"/>
      </object_component>
      <object_component id="oc-290">
         <name>.debug_info</name>
         <load_address>0x711e</load_address>
         <run_address>0x711e</run_address>
         <size>0x180</size>
         <input_file_ref idref="fl-10"/>
      </object_component>
      <object_component id="oc-1bb">
         <name>.debug_info</name>
         <load_address>0x729e</load_address>
         <run_address>0x729e</run_address>
         <size>0x18a</size>
         <input_file_ref idref="fl-10"/>
      </object_component>
      <object_component id="oc-1c1">
         <name>.debug_info</name>
         <load_address>0x7428</load_address>
         <run_address>0x7428</run_address>
         <size>0x19a</size>
         <input_file_ref idref="fl-10"/>
      </object_component>
      <object_component id="oc-1af">
         <name>.debug_info</name>
         <load_address>0x75c2</load_address>
         <run_address>0x75c2</run_address>
         <size>0x1ab</size>
         <input_file_ref idref="fl-10"/>
      </object_component>
      <object_component id="oc-1f6">
         <name>.debug_info</name>
         <load_address>0x776d</load_address>
         <run_address>0x776d</run_address>
         <size>0x14e</size>
         <input_file_ref idref="fl-12"/>
      </object_component>
      <object_component id="oc-2ae">
         <name>.debug_info</name>
         <load_address>0x78bb</load_address>
         <run_address>0x78bb</run_address>
         <size>0x212</size>
         <input_file_ref idref="fl-c9"/>
      </object_component>
      <object_component id="oc-1b6">
         <name>.debug_info</name>
         <load_address>0x7acd</load_address>
         <run_address>0x7acd</run_address>
         <size>0x208</size>
         <input_file_ref idref="fl-c9"/>
      </object_component>
      <object_component id="oc-2a4">
         <name>.debug_info</name>
         <load_address>0x7cd5</load_address>
         <run_address>0x7cd5</run_address>
         <size>0x1c6</size>
         <input_file_ref idref="fl-c9"/>
      </object_component>
      <object_component id="oc-2a9">
         <name>.debug_info</name>
         <load_address>0x7e9b</load_address>
         <run_address>0x7e9b</run_address>
         <size>0x179</size>
         <input_file_ref idref="fl-c9"/>
      </object_component>
      <object_component id="oc-2af">
         <name>.debug_info</name>
         <load_address>0x8014</load_address>
         <run_address>0x8014</run_address>
         <size>0x2c</size>
         <input_file_ref idref="fl-c9"/>
      </object_component>
      <object_component id="oc-2b4">
         <name>.debug_info</name>
         <load_address>0x8040</load_address>
         <run_address>0x8040</run_address>
         <size>0x69</size>
         <input_file_ref idref="fl-c9"/>
      </object_component>
      <object_component id="oc-f1">
         <name>.debug_info</name>
         <load_address>0x80a9</load_address>
         <run_address>0x80a9</run_address>
         <size>0x13a</size>
         <input_file_ref idref="fl-ca"/>
      </object_component>
      <object_component id="oc-f5">
         <name>.debug_info</name>
         <load_address>0x81e3</load_address>
         <run_address>0x81e3</run_address>
         <size>0x139</size>
         <input_file_ref idref="fl-cb"/>
      </object_component>
      <object_component id="oc-ff">
         <name>.debug_info</name>
         <load_address>0x831c</load_address>
         <run_address>0x831c</run_address>
         <size>0x13a</size>
         <input_file_ref idref="fl-cc"/>
      </object_component>
      <object_component id="oc-105">
         <name>.debug_info</name>
         <load_address>0x8456</load_address>
         <run_address>0x8456</run_address>
         <size>0x13a</size>
         <input_file_ref idref="fl-cd"/>
      </object_component>
      <object_component id="oc-10e">
         <name>.debug_info</name>
         <load_address>0x8590</load_address>
         <run_address>0x8590</run_address>
         <size>0x12c</size>
         <input_file_ref idref="fl-ce"/>
      </object_component>
      <object_component id="oc-109">
         <name>.debug_info</name>
         <load_address>0x86bc</load_address>
         <run_address>0x86bc</run_address>
         <size>0x12e</size>
         <input_file_ref idref="fl-cf"/>
      </object_component>
      <object_component id="oc-40">
         <name>.debug_info</name>
         <load_address>0x87ea</load_address>
         <run_address>0x87ea</run_address>
         <size>0x119</size>
         <input_file_ref idref="fl-d0"/>
      </object_component>
      <object_component id="oc-ec">
         <name>.debug_info</name>
         <load_address>0x8903</load_address>
         <run_address>0x8903</run_address>
         <size>0x12e</size>
         <input_file_ref idref="fl-d1"/>
      </object_component>
      <object_component id="oc-fa">
         <name>.debug_info</name>
         <load_address>0x8a31</load_address>
         <run_address>0x8a31</run_address>
         <size>0x12b</size>
         <input_file_ref idref="fl-d2"/>
      </object_component>
      <object_component id="oc-3aa">
         <name>.debug_info</name>
         <load_address>0x8b5c</load_address>
         <run_address>0x8b5c</run_address>
         <size>0x134</size>
         <input_file_ref idref="fl-d3"/>
      </object_component>
      <object_component id="oc-8a">
         <name>.debug_info</name>
         <load_address>0x8c90</load_address>
         <run_address>0x8c90</run_address>
         <size>0x1a6</size>
         <input_file_ref idref="fl-d4"/>
      </object_component>
      <object_component id="oc-4a">
         <name>.debug_info</name>
         <load_address>0x8e36</load_address>
         <run_address>0x8e36</run_address>
         <size>0x1d2</size>
         <input_file_ref idref="fl-d4"/>
      </object_component>
      <object_component id="oc-85">
         <name>.debug_info</name>
         <load_address>0x9008</load_address>
         <run_address>0x9008</run_address>
         <size>0x46</size>
         <input_file_ref idref="fl-d4"/>
      </object_component>
      <object_component id="oc-bc">
         <name>.debug_info</name>
         <load_address>0x904e</load_address>
         <run_address>0x904e</run_address>
         <size>0x2c</size>
         <input_file_ref idref="fl-d4"/>
      </object_component>
      <object_component id="oc-48">
         <name>.debug_info</name>
         <load_address>0x907a</load_address>
         <run_address>0x907a</run_address>
         <size>0x17a</size>
         <input_file_ref idref="fl-d5"/>
      </object_component>
      <object_component id="oc-1c">
         <name>.debug_info</name>
         <load_address>0x91f4</load_address>
         <run_address>0x91f4</run_address>
         <size>0x1ea</size>
         <input_file_ref idref="fl-d5"/>
      </object_component>
      <object_component id="oc-43">
         <name>.debug_info</name>
         <load_address>0x93de</load_address>
         <run_address>0x93de</run_address>
         <size>0x46</size>
         <input_file_ref idref="fl-d5"/>
      </object_component>
      <object_component id="oc-7d">
         <name>.debug_info</name>
         <load_address>0x9424</load_address>
         <run_address>0x9424</run_address>
         <size>0x2c</size>
         <input_file_ref idref="fl-d5"/>
      </object_component>
      <object_component id="oc-7b">
         <name>.debug_info</name>
         <load_address>0x9450</load_address>
         <run_address>0x9450</run_address>
         <size>0x170</size>
         <input_file_ref idref="fl-d6"/>
      </object_component>
      <object_component id="oc-18">
         <name>.debug_info</name>
         <load_address>0x95c0</load_address>
         <run_address>0x95c0</run_address>
         <size>0x250</size>
         <input_file_ref idref="fl-d6"/>
      </object_component>
      <object_component id="oc-33">
         <name>.debug_info</name>
         <load_address>0x9810</load_address>
         <run_address>0x9810</run_address>
         <size>0x60</size>
         <input_file_ref idref="fl-d6"/>
      </object_component>
      <object_component id="oc-b5">
         <name>.debug_info</name>
         <load_address>0x9870</load_address>
         <run_address>0x9870</run_address>
         <size>0x46</size>
         <input_file_ref idref="fl-d6"/>
      </object_component>
      <object_component id="oc-76">
         <name>.debug_info</name>
         <load_address>0x98b6</load_address>
         <run_address>0x98b6</run_address>
         <size>0x39</size>
         <input_file_ref idref="fl-d6"/>
      </object_component>
      <object_component id="oc-2be">
         <name>.debug_info</name>
         <load_address>0x98ef</load_address>
         <run_address>0x98ef</run_address>
         <size>0x172</size>
         <input_file_ref idref="fl-d7"/>
      </object_component>
      <object_component id="oc-1cb">
         <name>.debug_info</name>
         <load_address>0x9a61</load_address>
         <run_address>0x9a61</run_address>
         <size>0x1a9</size>
         <input_file_ref idref="fl-d7"/>
      </object_component>
      <object_component id="oc-6f">
         <name>.debug_info</name>
         <load_address>0x9c0a</load_address>
         <run_address>0x9c0a</run_address>
         <size>0x284</size>
         <input_file_ref idref="fl-d8"/>
      </object_component>
      <object_component id="oc-24">
         <name>.debug_info</name>
         <load_address>0x9e8e</load_address>
         <run_address>0x9e8e</run_address>
         <size>0x10c</size>
         <input_file_ref idref="fl-d8"/>
      </object_component>
      <object_component id="oc-37e">
         <name>.debug_info</name>
         <load_address>0x9f9a</load_address>
         <run_address>0x9f9a</run_address>
         <size>0x13f</size>
         <input_file_ref idref="fl-d8"/>
      </object_component>
      <object_component id="oc-1d3">
         <name>.debug_info</name>
         <load_address>0xa0d9</load_address>
         <run_address>0xa0d9</run_address>
         <size>0x168</size>
         <input_file_ref idref="fl-d8"/>
      </object_component>
      <object_component id="oc-2c7">
         <name>.debug_info</name>
         <load_address>0xa241</load_address>
         <run_address>0xa241</run_address>
         <size>0x18e</size>
         <input_file_ref idref="fl-d8"/>
      </object_component>
      <object_component id="oc-2d6">
         <name>.debug_info</name>
         <load_address>0xa3cf</load_address>
         <run_address>0xa3cf</run_address>
         <size>0x19f</size>
         <input_file_ref idref="fl-d8"/>
      </object_component>
      <object_component id="oc-1de">
         <name>.debug_info</name>
         <load_address>0xa56e</load_address>
         <run_address>0xa56e</run_address>
         <size>0x203</size>
         <input_file_ref idref="fl-d8"/>
      </object_component>
      <object_component id="oc-2ce">
         <name>.debug_info</name>
         <load_address>0xa771</load_address>
         <run_address>0xa771</run_address>
         <size>0x1db</size>
         <input_file_ref idref="fl-d8"/>
      </object_component>
      <object_component id="oc-1d7">
         <name>.debug_info</name>
         <load_address>0xa94c</load_address>
         <run_address>0xa94c</run_address>
         <size>0x26e</size>
         <input_file_ref idref="fl-d8"/>
      </object_component>
      <object_component id="oc-2c0">
         <name>.debug_info</name>
         <load_address>0xabba</load_address>
         <run_address>0xabba</run_address>
         <size>0x299</size>
         <input_file_ref idref="fl-d8"/>
      </object_component>
      <object_component id="oc-b0">
         <name>.debug_info</name>
         <load_address>0xae53</load_address>
         <run_address>0xae53</run_address>
         <size>0xb2</size>
         <input_file_ref idref="fl-d8"/>
      </object_component>
      <object_component id="oc-ab">
         <name>.debug_info</name>
         <load_address>0xaf05</load_address>
         <run_address>0xaf05</run_address>
         <size>0x2c</size>
         <input_file_ref idref="fl-d8"/>
      </object_component>
      <object_component id="oc-2bc">
         <name>.debug_info</name>
         <load_address>0xaf31</load_address>
         <run_address>0xaf31</run_address>
         <size>0x161</size>
         <input_file_ref idref="fl-d9"/>
      </object_component>
      <object_component id="oc-1c7">
         <name>.debug_info</name>
         <load_address>0xb092</load_address>
         <run_address>0xb092</run_address>
         <size>0x245</size>
         <input_file_ref idref="fl-d9"/>
      </object_component>
      <object_component id="oc-27">
         <name>.debug_info</name>
         <load_address>0xb2d7</load_address>
         <run_address>0xb2d7</run_address>
         <size>0x10b</size>
         <input_file_ref idref="fl-da"/>
      </object_component>
      <object_component id="oc-5c">
         <name>.debug_info</name>
         <load_address>0xb3e2</load_address>
         <run_address>0xb3e2</run_address>
         <size>0x1a9</size>
         <input_file_ref idref="fl-da"/>
      </object_component>
      <object_component id="oc-36a">
         <name>.debug_info</name>
         <load_address>0xb58b</load_address>
         <run_address>0xb58b</run_address>
         <size>0x462</size>
         <input_file_ref idref="fl-db"/>
      </object_component>
      <object_component id="oc-337">
         <name>.debug_info</name>
         <load_address>0xb9ed</load_address>
         <run_address>0xb9ed</run_address>
         <size>0x21e</size>
         <input_file_ref idref="fl-db"/>
      </object_component>
      <object_component id="oc-3d1">
         <name>.debug_info</name>
         <load_address>0xbc0b</load_address>
         <run_address>0xbc0b</run_address>
         <size>0x1b3</size>
         <input_file_ref idref="fl-db"/>
      </object_component>
      <object_component id="oc-3d7">
         <name>.debug_info</name>
         <load_address>0xbdbe</load_address>
         <run_address>0xbdbe</run_address>
         <size>0x21b</size>
         <input_file_ref idref="fl-db"/>
      </object_component>
      <object_component id="oc-342">
         <name>.debug_info</name>
         <load_address>0xbfd9</load_address>
         <run_address>0xbfd9</run_address>
         <size>0x3bf</size>
         <input_file_ref idref="fl-db"/>
      </object_component>
      <object_component id="oc-3de">
         <name>.debug_info</name>
         <load_address>0xc398</load_address>
         <run_address>0xc398</run_address>
         <size>0x30b</size>
         <input_file_ref idref="fl-db"/>
      </object_component>
      <object_component id="oc-3e4">
         <name>.debug_info</name>
         <load_address>0xc6a3</load_address>
         <run_address>0xc6a3</run_address>
         <size>0x215</size>
         <input_file_ref idref="fl-db"/>
      </object_component>
      <object_component id="oc-348">
         <name>.debug_info</name>
         <load_address>0xc8b8</load_address>
         <run_address>0xc8b8</run_address>
         <size>0x228</size>
         <input_file_ref idref="fl-db"/>
      </object_component>
      <object_component id="oc-34e">
         <name>.debug_info</name>
         <load_address>0xcae0</load_address>
         <run_address>0xcae0</run_address>
         <size>0x303</size>
         <input_file_ref idref="fl-db"/>
      </object_component>
      <object_component id="oc-354">
         <name>.debug_info</name>
         <load_address>0xcde3</load_address>
         <run_address>0xcde3</run_address>
         <size>0x4b4</size>
         <input_file_ref idref="fl-db"/>
      </object_component>
      <object_component id="oc-29e">
         <name>.debug_info</name>
         <load_address>0xd297</load_address>
         <run_address>0xd297</run_address>
         <size>0x5f4</size>
         <input_file_ref idref="fl-db"/>
      </object_component>
      <object_component id="oc-36b">
         <name>.debug_info</name>
         <load_address>0xd88b</load_address>
         <run_address>0xd88b</run_address>
         <size>0x86</size>
         <input_file_ref idref="fl-db"/>
      </object_component>
      <object_component id="oc-40c">
         <name>.debug_info</name>
         <load_address>0xd911</load_address>
         <run_address>0xd911</run_address>
         <size>0x39</size>
         <input_file_ref idref="fl-db"/>
      </object_component>
      <object_component id="oc-44f">
         <name>.debug_info</name>
         <load_address>0xd94a</load_address>
         <run_address>0xd94a</run_address>
         <size>0xb6</size>
         <input_file_ref idref="fl-db"/>
      </object_component>
      <object_component id="oc-411">
         <name>.debug_info</name>
         <load_address>0xda00</load_address>
         <run_address>0xda00</run_address>
         <size>0x46</size>
         <input_file_ref idref="fl-db"/>
      </object_component>
      <object_component id="oc-370">
         <name>.debug_info</name>
         <load_address>0xda46</load_address>
         <run_address>0xda46</run_address>
         <size>0x46</size>
         <input_file_ref idref="fl-db"/>
      </object_component>
      <object_component id="oc-421">
         <name>.debug_info</name>
         <load_address>0xda8c</load_address>
         <run_address>0xda8c</run_address>
         <size>0x115</size>
         <input_file_ref idref="fl-dc"/>
      </object_component>
      <object_component id="oc-3ca">
         <name>.debug_info</name>
         <load_address>0xdba1</load_address>
         <run_address>0xdba1</run_address>
         <size>0x14c</size>
         <input_file_ref idref="fl-dd"/>
      </object_component>
      <object_component id="oc-33c">
         <name>.debug_info</name>
         <load_address>0xdced</load_address>
         <run_address>0xdced</run_address>
         <size>0x128</size>
         <input_file_ref idref="fl-de"/>
      </object_component>
      <object_component id="oc-3b6">
         <name>.debug_info</name>
         <load_address>0xde15</load_address>
         <run_address>0xde15</run_address>
         <size>0x12a</size>
         <input_file_ref idref="fl-de"/>
      </object_component>
      <object_component id="oc-3b0">
         <name>.debug_info</name>
         <load_address>0xdf3f</load_address>
         <run_address>0xdf3f</run_address>
         <size>0x13a</size>
         <input_file_ref idref="fl-df"/>
      </object_component>
      <object_component id="oc-3bb">
         <name>.debug_info</name>
         <load_address>0xe079</load_address>
         <run_address>0xe079</run_address>
         <size>0x12e</size>
         <input_file_ref idref="fl-e0"/>
      </object_component>
      <object_component id="oc-3c6">
         <name>.debug_info</name>
         <load_address>0xe1a7</load_address>
         <run_address>0xe1a7</run_address>
         <size>0x12c</size>
         <input_file_ref idref="fl-e1"/>
      </object_component>
      <object_component id="oc-8d">
         <name>.debug_info</name>
         <load_address>0xe2d3</load_address>
         <run_address>0xe2d3</run_address>
         <size>0x147</size>
         <input_file_ref idref="fl-e2"/>
      </object_component>
      <object_component id="oc-277">
         <name>.debug_info</name>
         <load_address>0xe41a</load_address>
         <run_address>0xe41a</run_address>
         <size>0x385</size>
         <input_file_ref idref="fl-e3"/>
      </object_component>
      <object_component id="oc-16f">
         <name>.debug_info</name>
         <load_address>0xe79f</load_address>
         <run_address>0xe79f</run_address>
         <size>0x1a6</size>
         <input_file_ref idref="fl-e3"/>
      </object_component>
      <object_component id="oc-31b">
         <name>.debug_info</name>
         <load_address>0xe945</load_address>
         <run_address>0xe945</run_address>
         <size>0x39</size>
         <input_file_ref idref="fl-e3"/>
      </object_component>
      <object_component id="oc-397">
         <name>.debug_info</name>
         <load_address>0xe97e</load_address>
         <run_address>0xe97e</run_address>
         <size>0x39</size>
[...]
         <object_component_ref idref="oc-97"/>
      </symbol>
      <symbol id="sm-86">
         <name>DisplayBanner</name>
         <value>0x20004e51</value>
         <object_component_ref idref="oc-97"/>
      </symbol>
      <symbol id="sm-87">
         <name>BoardInit</name>
         <value>0x20004e77</value>
         <object_component_ref idref="oc-97"/>
      </symbol>
      <symbol id="sm-88">
         <name>ProxInit</name>
         <value>0x20004f5b</value>
         <object_component_ref idref="oc-97"/>
      </symbol>
      <symbol id="sm-89">
         <name>main</name>
         <value>0x20004f41</value>
         <object_component_ref idref="oc-97"/>
      </symbol>
      <symbol id="sm-8a">
         <name>pulse</name>
         <value>0x20017810</value>
         <object_component_ref idref="oc-15a"/>
      </symbol>
      <symbol id="sm-8b">
         <name>inputInt</name>
         <value>0x20004f99</value>
         <object_component_ref idref="oc-97"/>
      </symbol>
      <symbol id="sm-8c">
         <name>echowait</name>
         <value>0x20017814</value>
         <object_component_ref idref="oc-15a"/>
      </symbol>
      <symbol id="sm-99">
         <name>PinMuxConfig</name>
         <value>0x20006bc5</value>
         <object_component_ref idref="oc-112"/>
      </symbol>
      <symbol id="sm-b8">
         <name>ResetISR</name>
         <value>0x200075a5</value>
         <object_component_ref idref="oc-29"/>
      </symbol>
      <symbol id="sm-b9">
         <name>g_pfnVectors</name>
         <value>0x20004000</value>
         <object_component_ref idref="oc-12"/>
      </symbol>
      <symbol id="sm-100">
         <name>GetCmd</name>
         <value>0x2000514f</value>
         <object_component_ref idref="oc-c5"/>
      </symbol>
      <symbol id="sm-101">
         <name>Message</name>
         <value>0x200050eb</value>
         <object_component_ref idref="oc-c5"/>
      </symbol>
      <symbol id="sm-102">
         <name>Report</name>
         <value>0x2000528d</value>
         <object_component_ref idref="oc-c5"/>
      </symbol>
      <symbol id="sm-103">
         <name>Error</name>
         <value>0x20005117</value>
         <object_component_ref idref="oc-c5"/>
      </symbol>
      <symbol id="sm-104">
         <name>InitTerm</name>
         <value>0x200050cd</value>
         <object_component_ref idref="oc-c5"/>
      </symbol>
      <symbol id="sm-105">
         <name>ClearTerm</name>
         <value>0x2000510d</value>
         <object_component_ref idref="oc-c5"/>
      </symbol>
      <symbol id="sm-106">
         <name>TrimSpace</name>
         <value>0x200051f5</value>
         <object_component_ref idref="oc-c5"/>
      </symbol>
      <symbol id="sm-15c">
         <name>GPIOIntRegister</name>
         <value>0x20007355</value>
         <object_component_ref idref="oc-136"/>
      </symbol>
      <symbol id="sm-15d">
         <name>GPIOIntEnable</name>
         <value>0x20007475</value>
         <object_component_ref idref="oc-124"/>
      </symbol>
      <symbol id="sm-15e">
         <name>GPIOIntTypeSet</name>
         <value>0x20006821</value>
         <object_component_ref idref="oc-12a"/>
      </symbol>
      <symbol id="sm-15f">
         <name>GPIOIntClear</name>
         <value>0x20007547</value>
         <object_component_ref idref="oc-13c"/>
      </symbol>
      <symbol id="sm-160">
         <name>GPIOPinRead</name>
         <value>0x200074a9</value>
         <object_component_ref idref="oc-142"/>
      </symbol>
      <symbol id="sm-161">
         <name>GPIODirModeSet</name>
         <value>0x200070ed</value>
         <object_component_ref idref="oc-236"/>
      </symbol>
      <symbol id="sm-162">
         <name>GPIOPinWrite</name>
         <value>0x200072f5</value>
         <object_component_ref idref="oc-e3"/>
      </symbol>
      <symbol id="sm-19b">
         <name>IntVTableBaseSet</name>
         <value>0x2000755d</value>
         <object_component_ref idref="oc-cb"/>
      </symbol>
      <symbol id="sm-19c">
         <name>IntEnable</name>
         <value>0x20006389</value>
         <object_component_ref idref="oc-d7"/>
      </symbol>
      <symbol id="sm-19d">
         <name>IntRegister</name>
         <value>0x20007315</value>
         <object_component_ref idref="oc-247"/>
      </symbol>
      <symbol id="sm-19e">
         <name>IntMasterEnable</name>
         <value>0x200075bf</value>
         <object_component_ref idref="oc-d1"/>
      </symbol>
      <symbol id="sm-1d5">
         <name>PinTypeUART</name>
         <value>0x2000748f</value>
         <object_component_ref idref="oc-23c"/>
      </symbol>
      <symbol id="sm-1d6">
         <name>PinTypeGPIO</name>
         <value>0x20007123</value>
         <object_component_ref idref="oc-230"/>
      </symbol>
      <symbol id="sm-1d7">
         <name>PinConfigSet</name>
         <value>0x2000668d</value>
         <object_component_ref idref="oc-2f6"/>
      </symbol>
      <symbol id="sm-1d8">
         <name>PinModeSet</name>
         <value>0x20006f81</value>
         <object_component_ref idref="oc-2fc"/>
      </symbol>
      <symbol id="sm-25e">
         <name>PRCMPeripheralReset</name>
         <value>0x20006c85</value>
         <object_component_ref idref="oc-21a"/>
      </symbol>
      <symbol id="sm-25f">
         <name>PRCMPeripheralClkEnable</name>
         <value>0x20007041</value>
         <object_component_ref idref="oc-214"/>
      </symbol>
      <symbol id="sm-260">
         <name>PRCMPeripheralClockGet</name>
         <value>0x20006565</value>
         <object_component_ref idref="oc-1a0"/>
      </symbol>
      <symbol id="sm-261">
         <name>PRCMCC3200MCUInit</name>
         <value>0x20005935</value>
         <object_component_ref idref="oc-dd"/>
      </symbol>
      <symbol id="sm-262">
         <name>PRCMHIBRegWrite</name>
         <value>0x20007507</value>
         <object_component_ref idref="oc-20e"/>
      </symbol>
      <symbol id="sm-263">
         <name>PRCMSysResetCauseGet</name>
         <value>0x200071e5</value>
         <object_component_ref idref="oc-202"/>
      </symbol>
      <symbol id="sm-264">
         <name>PRCMPeripheralClkDisable</name>
         <value>0x20007211</value>
         <object_component_ref idref="oc-220"/>
      </symbol>
      <symbol id="sm-265">
         <name>PRCMHIBRegRead</name>
         <value>0x200074f1</value>
         <object_component_ref idref="oc-208"/>
      </symbol>
      <symbol id="sm-2ab">
         <name>TimerDisable</name>
         <value>0x20007373</value>
         <object_component_ref idref="oc-154"/>
      </symbol>
      <symbol id="sm-2ac">
         <name>TimerIntRegister</name>
         <value>0x20006a0d</value>
         <object_component_ref idref="oc-130"/>
      </symbol>
      <symbol id="sm-2ad">
         <name>TimerEnable</name>
         <value>0x20007391</value>
         <object_component_ref idref="oc-11e"/>
      </symbol>
      <symbol id="sm-2ae">
         <name>TimerValueGet</name>
         <value>0x200073e9</value>
         <object_component_ref idref="oc-14e"/>
      </symbol>
      <symbol id="sm-2af">
         <name>TimerLoadGet</name>
         <value>0x200073cd</value>
         <object_component_ref idref="oc-148"/>
      </symbol>
      <symbol id="sm-2b0">
         <name>TimerConfigure</name>
         <value>0x20006eb5</value>
         <object_component_ref idref="oc-118"/>
      </symbol>
      <symbol id="sm-2ec">
         <name>UARTConfigSetExpClk</name>
         <value>0x20006997</value>
         <object_component_ref idref="oc-1a6"/>
      </symbol>
      <symbol id="sm-2ed">
         <name>UARTDisable</name>
         <value>0x20007155</value>
         <object_component_ref idref="oc-28d"/>
      </symbol>
      <symbol id="sm-2ee">
         <name>UARTCharsAvail</name>
         <value>0x200074c1</value>
         <object_component_ref idref="oc-1b8"/>
      </symbol>
      <symbol id="sm-2ef">
         <name>UARTCharGetNonBlocking</name>
         <value>0x20007405</value>
         <object_component_ref idref="oc-1be"/>
      </symbol>
      <symbol id="sm-2f0">
         <name>UARTCharPut</name>
         <value>0x200073af</value>
         <object_component_ref idref="oc-1ac"/>
      </symbol>
      <symbol id="sm-2f1">
         <name>UARTEnable</name>
         <value>0x20007289</value>
         <object_component_ref idref="oc-293"/>
      </symbol>
      <symbol id="sm-2f5">
         <name>UtilsDelay</name>
         <value>0x200075d9</value>
         <object_component_ref idref="oc-e9"/>
      </symbol>
      <symbol id="sm-2ff">
         <name>CPUcpsie</name>
         <value>0x20007533</value>
         <object_component_ref idref="oc-1f2"/>
      </symbol>
      <symbol id="sm-32f">
         <name>vsnprintf</name>
         <value>0x20006fc1</value>
         <object_component_ref idref="oc-1b2"/>
      </symbol>
      <symbol id="sm-33a">
         <name>__aeabi_dmul</name>
         <value>0x20005f41</value>
         <object_component_ref idref="oc-ef"/>
      </symbol>
      <symbol id="sm-344">
         <name>__aeabi_d2uiz</name>
         <value>0x20006f3d</value>
         <object_component_ref idref="oc-f4"/>
      </symbol>
      <symbol id="sm-351">
         <name>__aeabi_fdiv</name>
         <value>0x200065f9</value>
         <object_component_ref idref="oc-fe"/>
      </symbol>
      <symbol id="sm-35b">
         <name>__aeabi_fmul</name>
         <value>0x200068a3</value>
         <object_component_ref idref="oc-103"/>
      </symbol>
      <symbol id="sm-366">
         <name>__aeabi_f2d</name>
         <value>0x2000707d</value>
         <object_component_ref idref="oc-10d"/>
      </symbol>
      <symbol id="sm-370">
         <name>__aeabi_f2iz</name>
         <value>0x200070b5</value>
         <object_component_ref idref="oc-108"/>
      </symbol>
      <symbol id="sm-38b">
         <name>memcpy</name>
         <value>0x20006431</value>
         <object_component_ref idref="oc-3d"/>
      </symbol>
      <symbol id="sm-38c">
         <name>__aeabi_memcpy</name>
         <value>0x20006431</value>
         <object_component_ref idref="oc-3d"/>
      </symbol>
      <symbol id="sm-38d">
         <name>__aeabi_memcpy8</name>
         <value>0x20006431</value>
         <object_component_ref idref="oc-3d"/>
      </symbol>
      <symbol id="sm-38e">
         <name>__aeabi_memcpy4</name>
         <value>0x20006431</value>
         <object_component_ref idref="oc-3d"/>
      </symbol>
      <symbol id="sm-398">
         <name>__aeabi_ui2d</name>
         <value>0x20007335</value>
         <object_component_ref idref="oc-ea"/>
      </symbol>
      <symbol id="sm-3a3">
         <name>__aeabi_ui2f</name>
         <value>0x200072d1</value>
         <object_component_ref idref="oc-f9"/>
      </symbol>
      <symbol id="sm-3b0">
         <name>__aeabi_uldivmod</name>
         <value>0x200064cd</value>
         <object_component_ref idref="oc-3a8"/>
      </symbol>
      <symbol id="sm-3c9">
         <name>__TI_zero_init_nomemset</name>
         <value>0x20007421</value>
         <object_component_ref idref="oc-49"/>
      </symbol>
      <symbol id="sm-3e0">
         <name>__TI_decompress_none</name>
         <value>0x20007597</value>
         <object_component_ref idref="oc-1b"/>
      </symbol>
      <symbol id="sm-403">
         <name>__TI_decompress_lzss</name>
         <value>0x20006b5b</value>
         <object_component_ref idref="oc-15"/>
      </symbol>
      <symbol id="sm-414">
         <name>memmove</name>
         <value>0x20007261</value>
         <object_component_ref idref="oc-1ca"/>
      </symbol>
      <symbol id="sm-4b2">
         <name>_sys_memory</name>
         <value>0x20017000</value>
         <object_component_ref idref="oc-23"/>
      </symbol>
      <symbol id="sm-4b3">
         <name>free</name>
         <value>0x2000603d</value>
         <object_component_ref idref="oc-1dc"/>
      </symbol>
      <symbol id="sm-4b4">
         <name>realloc</name>
         <value>0x20006121</value>
         <object_component_ref idref="oc-1d6"/>
      </symbol>
      <symbol id="sm-4b5">
         <name>memalign</name>
         <value>0x20005e41</value>
         <object_component_ref idref="oc-2bf"/>
      </symbol>
      <symbol id="sm-4b6">
         <name>malloc</name>
         <value>0x200075d1</value>
         <object_component_ref idref="oc-1d0"/>
      </symbol>
      <symbol id="sm-4b7">
         <name>aligned_alloc</name>
         <value>0x20005e41</value>
         <object_component_ref idref="oc-2bf"/>
      </symbol>
      <symbol id="sm-4c5">
         <name>strlen</name>
         <value>0x20007571</value>
         <object_component_ref idref="oc-1c4"/>
      </symbol>
      <symbol id="sm-4d7">
         <name>__stack</name>
         <value>0x2002ff00</value>
         <object_component_ref idref="oc-26"/>
      </symbol>
      <symbol id="sm-4d8">
         <name>_c_int00_noargs</name>
         <value>0x200072ad</value>
         <object_component_ref idref="oc-5b"/>
      </symbol>
      <symbol id="sm-63d">
         <name>__TI_printfi</name>
         <value>0x20004401</value>
         <object_component_ref idref="oc-29b"/>
      </symbol>
      <symbol id="sm-647">
         <name>__aeabi_idiv0</name>
         <value>0x20005933</value>
         <object_component_ref idref="oc-420"/>
      </symbol>
      <symbol id="sm-648">
         <name>__aeabi_ldiv0</name>
         <value>0x20005933</value>
         <object_component_ref idref="oc-420"/>
      </symbol>
      <symbol id="sm-65f">
         <name>__aeabi_dsub</name>
         <value>0x2000577d</value>
         <object_component_ref idref="oc-3c9"/>
      </symbol>
      <symbol id="sm-660">
         <name>__aeabi_dadd</name>
         <value>0x20005787</value>
         <object_component_ref idref="oc-3c9"/>
      </symbol>
      <symbol id="sm-682">
         <name>__aeabi_cdcmpeq</name>
         <value>0x20006715</value>
         <object_component_ref idref="oc-33a"/>
      </symbol>
      <symbol id="sm-683">
         <name>__aeabi_cdcmple</name>
         <value>0x20006715</value>
         <object_component_ref idref="oc-33a"/>
      </symbol>
      <symbol id="sm-684">
         <name>__aeabi_cdrcmple</name>
         <value>0x2000679b</value>
         <object_component_ref idref="oc-3b4"/>
      </symbol>
      <symbol id="sm-698">
         <name>__aeabi_ddiv</name>
         <value>0x20005be9</value>
         <object_component_ref idref="oc-3af"/>
      </symbol>
      <symbol id="sm-6a2">
         <name>__aeabi_d2iz</name>
         <value>0x20006e6d</value>
         <object_component_ref idref="oc-3b9"/>
      </symbol>
      <symbol id="sm-6ac">
         <name>__aeabi_i2d</name>
         <value>0x200071b5</value>
         <object_component_ref idref="oc-3c4"/>
      </symbol>
      <symbol id="sm-6bb">
         <name>__aeabi_memset</name>
         <value>0x2000691f</value>
         <object_component_ref idref="oc-8b"/>
      </symbol>
      <symbol id="sm-6bc">
         <name>memset</name>
         <value>0x20006925</value>
         <object_component_ref idref="oc-8b"/>
      </symbol>
      <symbol id="sm-6bd">
         <name>__aeabi_memset8</name>
         <value>0x2000691f</value>
         <object_component_ref idref="oc-8b"/>
      </symbol>
      <symbol id="sm-6be">
         <name>__aeabi_memset4</name>
         <value>0x2000691f</value>
         <object_component_ref idref="oc-8b"/>
      </symbol>
      <symbol id="sm-6bf">
         <name>__aeabi_memclr8</name>
         <value>0x2000691d</value>
         <object_component_ref idref="oc-8b"/>
      </symbol>
      <symbol id="sm-6c0">
         <name>__aeabi_memclr4</name>
         <value>0x2000691d</value>
         <object_component_ref idref="oc-8b"/>
      </symbol>
      <symbol id="sm-6c1">
         <name>__aeabi_memclr</name>
         <value>0x2000691d</value>
         <object_component_ref idref="oc-8b"/>
      </symbol>
      <symbol id="sm-6e9">
         <name>__TI_auto_init_nobinit_nopinit</name>
         <value>0x20006ef9</value>
         <object_component_ref idref="oc-16e"/>
      </symbol>
      <symbol id="sm-6f3">
         <name>_system_pre_init</name>
         <value>0x200075df</value>
         <object_component_ref idref="oc-91"/>
      </symbol>
      <symbol id="sm-6ff">
         <name>C$$EXIT</name>
         <value>0x200075e3</value>
         <object_component_ref idref="oc-162"/>
      </symbol>
      <symbol id="sm-700">
         <name>abort</name>
         <value>0x200075e3</value>
         <object_component_ref idref="oc-162"/>
      </symbol>
      <symbol id="sm-715">
         <name>_nop</name>
         <value>0x20004e4f</value>
         <object_component_ref idref="oc-30d"/>
      </symbol>
      <symbol id="sm-716">
         <name>_lock</name>
         <value>0x20017800</value>
         <object_component_ref idref="oc-270"/>
      </symbol>
      <symbol id="sm-717">
         <name>_unlock</name>
         <value>0x20017804</value>
         <object_component_ref idref="oc-270"/>
      </symbol>
      <symbol id="sm-726">
         <name>__TI_ltoa</name>
         <value>0x20006d33</value>
         <object_component_ref idref="oc-3be"/>
      </symbol>
      <symbol id="sm-73d">
         <name>atoi</name>
         <value>0x20006dd9</value>
         <object_component_ref idref="oc-32e"/>
      </symbol>
      <symbol id="sm-748">
         <name>_ctypes_</name>
         <value>0x200075e8</value>
         <object_component_ref idref="oc-3a3"/>
      </symbol>
      <symbol id="sm-758">
         <name>memccpy</name>
         <value>0x20007459</value>
         <object_component_ref idref="oc-357"/>
      </symbol>
      <symbol id="sm-768">
         <name>strchr</name>
         <value>0x2000751d</value>
         <object_component_ref idref="oc-3f5"/>
      </symbol>
      <symbol id="sm-77e">
         <name>__aeabi_errno_addr</name>
         <value>0x200075c9</value>
         <object_component_ref idref="oc-363"/>
      </symbol>
      <symbol id="sm-77f">
         <name>errno</name>
         <value>0x20017818</value>
         <object_component_ref idref="oc-405"/>
      </symbol>
      <symbol id="sm-798">
         <name>wcslen</name>
         <value>0x20007585</value>
         <object_component_ref idref="oc-35d"/>
      </symbol>
      <symbol id="sm-7b8">
         <name>frexpl</name>
         <value>0x20006c29</value>
         <object_component_ref idref="oc-3e9"/>
      </symbol>
      <symbol id="sm-7b9">
         <name>frexp</name>
         <value>0x20006c29</value>
         <object_component_ref idref="oc-3e9"/>
      </symbol>
      <symbol id="sm-7d7">
         <name>scalbn</name>
         <value>0x20006205</value>
         <object_component_ref idref="oc-3ef"/>
      </symbol>
      <symbol id="sm-7d8">
         <name>scalbnl</name>
         <value>0x20006205</value>
         <object_component_ref idref="oc-3ef"/>
      </symbol>
      <symbol id="sm-7d9">
         <name>ldexpl</name>
         <value>0x20006205</value>
         <object_component_ref idref="oc-3ef"/>
      </symbol>
      <symbol id="sm-7da">
         <name>ldexp</name>
         <value>0x20006205</value>
         <object_component_ref idref="oc-3ef"/>
      </symbol>
      <symbol id="sm-7e4">
         <name>copysign</name>
         <value>0x200075b3</value>
         <object_component_ref idref="oc-438"/>
      </symbol>
      <symbol id="sm-7e5">
         <name>copysignl</name>
         <value>0x200075b3</value>
         <object_component_ref idref="oc-438"/>
      </symbol>
      <symbol id="sm-7e6">
         <name>__TI_static_base__</name>
         <value>0x200078b8</value>
      </symbol>
      <symbol id="sm-7e9">
         <name>__mpu_init</name>
         <value>0x0</value>
      </symbol>
      <symbol id="sm-7ea">
         <name>_system_post_cinit</name>
         <value>0x0</value>
      </symbol>
   </symbol_table>
   <title>Link successful</title>
</link_info>
